Archive member included to satisfy reference by file (symbol)

C:/ProgramData/MATLAB/SupportPackages/R2025a/3P.instrset/gnuarm-armcortex.instrset/win/bin/../lib/gcc/arm-none-eabi/13.2.1/thumb/v7e-m+fp/hard\libm.a(libm_a-w_fmod.o)
                              xcp_ext_common.c.o (fmod)
C:/ProgramData/MATLAB/SupportPackages/R2025a/3P.instrset/gnuarm-armcortex.instrset/win/bin/../lib/gcc/arm-none-eabi/13.2.1/thumb/v7e-m+fp/hard\libm.a(libm_a-e_fmod.o)
                              C:/ProgramData/MATLAB/SupportPackages/R2025a/3P.instrset/gnuarm-armcortex.instrset/win/bin/../lib/gcc/arm-none-eabi/13.2.1/thumb/v7e-m+fp/hard\libm.a(libm_a-w_fmod.o) (__ieee754_fmod)
C:/ProgramData/MATLAB/SupportPackages/R2025a/3P.instrset/gnuarm-armcortex.instrset/win/bin/../lib/gcc/arm-none-eabi/13.2.1/thumb/v7e-m+fp/hard\libgcc.a(_arm_muldf3.o)
                              Encoder_reader_simulink.c.o (__aeabi_dmul)
C:/ProgramData/MATLAB/SupportPackages/R2025a/3P.instrset/gnuarm-armcortex.instrset/win/bin/../lib/gcc/arm-none-eabi/13.2.1/thumb/v7e-m+fp/hard\libgcc.a(_arm_addsubdf3.o)
                              Encoder_reader_simulink.c.o (__aeabi_dsub)
C:/ProgramData/MATLAB/SupportPackages/R2025a/3P.instrset/gnuarm-armcortex.instrset/win/bin/../lib/gcc/arm-none-eabi/13.2.1/thumb/v7e-m+fp/hard\libgcc.a(_arm_muldivdf3.o)
                              Encoder_reader_simulink.c.o (__aeabi_ddiv)
C:/ProgramData/MATLAB/SupportPackages/R2025a/3P.instrset/gnuarm-armcortex.instrset/win/bin/../lib/gcc/arm-none-eabi/13.2.1/thumb/v7e-m+fp/hard\libgcc.a(_arm_cmpdf2.o)
                              xcp_ext_mode.c.o (__aeabi_dcmpeq)
C:/ProgramData/MATLAB/SupportPackages/R2025a/3P.instrset/gnuarm-armcortex.instrset/win/bin/../lib/gcc/arm-none-eabi/13.2.1/thumb/v7e-m+fp/hard\libgcc.a(_arm_unorddf2.o)
                              rt_nonfinite.c.o (__aeabi_dcmpun)
C:/ProgramData/MATLAB/SupportPackages/R2025a/3P.instrset/gnuarm-armcortex.instrset/win/bin/../lib/gcc/arm-none-eabi/13.2.1/thumb/v7e-m+fp/hard\libgcc.a(_arm_fixunsdfsi.o)
                              xcp_ext_common.c.o (__aeabi_d2uiz)
C:/ProgramData/MATLAB/SupportPackages/R2025a/3P.instrset/gnuarm-armcortex.instrset/win/bin/../lib/gcc/arm-none-eabi/13.2.1/thumb/v7e-m+fp/hard\libgcc.a(_aeabi_uldivmod.o)
                              stm32g4xx_ll_lpuart.c.o (__aeabi_uldivmod)
C:/ProgramData/MATLAB/SupportPackages/R2025a/3P.instrset/gnuarm-armcortex.instrset/win/bin/../lib/gcc/arm-none-eabi/13.2.1/thumb/v7e-m+fp/hard\libgcc.a(_udivmoddi4.o)
                              C:/ProgramData/MATLAB/SupportPackages/R2025a/3P.instrset/gnuarm-armcortex.instrset/win/bin/../lib/gcc/arm-none-eabi/13.2.1/thumb/v7e-m+fp/hard\libgcc.a(_aeabi_uldivmod.o) (__udivmoddi4)
C:/ProgramData/MATLAB/SupportPackages/R2025a/3P.instrset/gnuarm-armcortex.instrset/win/bin/../lib/gcc/arm-none-eabi/13.2.1/thumb/v7e-m+fp/hard\libgcc.a(_dvmd_tls.o)
                              C:/ProgramData/MATLAB/SupportPackages/R2025a/3P.instrset/gnuarm-armcortex.instrset/win/bin/../lib/gcc/arm-none-eabi/13.2.1/thumb/v7e-m+fp/hard\libgcc.a(_aeabi_uldivmod.o) (__aeabi_ldiv0)
C:/ProgramData/MATLAB/SupportPackages/R2025a/3P.instrset/gnuarm-armcortex.instrset/win/bin/../lib/gcc/arm-none-eabi/13.2.1/thumb/v7e-m+fp/hard\libg_nano.a(libc_a-exit.o)
                              C:/ProgramData/MATLAB/SupportPackages/R2025a/3P.instrset/gnuarm-armcortex.instrset/win/bin/../lib/gcc/arm-none-eabi/13.2.1/thumb/v7e-m+fp/hard/crt0.o (exit)
C:/ProgramData/MATLAB/SupportPackages/R2025a/3P.instrset/gnuarm-armcortex.instrset/win/bin/../lib/gcc/arm-none-eabi/13.2.1/thumb/v7e-m+fp/hard\libg_nano.a(libc_a-findfp.o)
                              C:/ProgramData/MATLAB/SupportPackages/R2025a/3P.instrset/gnuarm-armcortex.instrset/win/bin/../lib/gcc/arm-none-eabi/13.2.1/thumb/v7e-m+fp/hard\libg_nano.a(libc_a-exit.o) (__stdio_exit_handler)
C:/ProgramData/MATLAB/SupportPackages/R2025a/3P.instrset/gnuarm-armcortex.instrset/win/bin/../lib/gcc/arm-none-eabi/13.2.1/thumb/v7e-m+fp/hard\libg_nano.a(libc_a-fwalk.o)
                              C:/ProgramData/MATLAB/SupportPackages/R2025a/3P.instrset/gnuarm-armcortex.instrset/win/bin/../lib/gcc/arm-none-eabi/13.2.1/thumb/v7e-m+fp/hard\libg_nano.a(libc_a-findfp.o) (_fwalk_sglue)
C:/ProgramData/MATLAB/SupportPackages/R2025a/3P.instrset/gnuarm-armcortex.instrset/win/bin/../lib/gcc/arm-none-eabi/13.2.1/thumb/v7e-m+fp/hard\libg_nano.a(libc_a-stdio.o)
                              C:/ProgramData/MATLAB/SupportPackages/R2025a/3P.instrset/gnuarm-armcortex.instrset/win/bin/../lib/gcc/arm-none-eabi/13.2.1/thumb/v7e-m+fp/hard\libg_nano.a(libc_a-findfp.o) (__sread)
C:/ProgramData/MATLAB/SupportPackages/R2025a/3P.instrset/gnuarm-armcortex.instrset/win/bin/../lib/gcc/arm-none-eabi/13.2.1/thumb/v7e-m+fp/hard\libg_nano.a(libc_a-memset.o)
                              C:/ProgramData/MATLAB/SupportPackages/R2025a/3P.instrset/gnuarm-armcortex.instrset/win/bin/../lib/gcc/arm-none-eabi/13.2.1/thumb/v7e-m+fp/hard/crt0.o (memset)
[...]
Memory Configuration

Name             Origin             Length             Attributes
RAM              0x20000000         0x00020000         xrw
FLASH            0x08000000         0x00080000         xr
*default*        0x00000000         0xffffffff

Linker script and memory map

LOAD C:/ProgramData/MATLAB/SupportPackages/R2025a/3P.instrset/gnuarm-armcortex.instrset/win/bin/../lib/gcc/arm-none-eabi/13.2.1/thumb/v7e-m+fp/hard/crti.o
LOAD C:/ProgramData/MATLAB/SupportPackages/R2025a/3P.instrset/gnuarm-armcortex.instrset/win/bin/../lib/gcc/arm-none-eabi/13.2.1/thumb/v7e-m+fp/hard/crtbegin.o
LOAD C:/ProgramData/MATLAB/SupportPackages/R2025a/3P.instrset/gnuarm-armcortex.instrset/win/bin/../lib/gcc/arm-none-eabi/13.2.1/thumb/v7e-m+fp/hard/crt0.o
LOAD xcp_ext_mode.c.o
LOAD Encoder_reader_simulink.c.o
LOAD ert_main.c.o
LOAD rtGetInf.c.o
LOAD rt_nonfinite.c.o
LOAD xcp_ext_common.c.o
LOAD xcp_ext_classic_trigger.c.o
LOAD xcp.c.o
LOAD xcp_standard.c.o
LOAD xcp_daq.c.o
LOAD xcp_calibration.c.o
LOAD xcp_fifo.c.o
LOAD xcp_transport.c.o
LOAD xcp_mem_default.c.o
LOAD xcp_drv_rtiostream.c.o
LOAD xcp_utils.c.o
LOAD xcp_frame_serial.c.o
LOAD xcp_ext_param_default_serial.c.o
LOAD overrideHALDelay.c.o
LOAD platform_timer.c.o
LOAD SysTickScheduler.c.o
LOAD m3m4m4f_multitasking.c.o
LOAD rtiostream_serial.c.o
LOAD stm_usart.c.o
LOAD stm_lpuart.c.o
LOAD sys_arch_arm.c.o
LOAD main.c.o
LOAD stm32g4xx_it.c.o
LOAD stm32g4xx_hal_msp.c.o
LOAD stm32g4xx_hal_timebase_tim.c.o
LOAD stm32g4xx_ll_utils.c.o
LOAD stm32g4xx_ll_exti.c.o
LOAD stm32g4xx_hal_tim.c.o
LOAD stm32g4xx_hal_tim_ex.c.o
LOAD stm32g4xx_ll_gpio.c.o
LOAD stm32g4xx_ll_dma.c.o
LOAD stm32g4xx_ll_lpuart.c.o
LOAD stm32g4xx_ll_rcc.c.o
LOAD stm32g4xx_ll_pwr.c.o
LOAD stm32g4xx_hal.c.o
LOAD stm32g4xx_hal_rcc.c.o
LOAD stm32g4xx_hal_rcc_ex.c.o
LOAD stm32g4xx_hal_flash.c.o
LOAD stm32g4xx_hal_flash_ex.c.o
LOAD stm32g4xx_hal_flash_ramfunc.c.o
LOAD stm32g4xx_hal_gpio.c.o
LOAD stm32g4xx_hal_exti.c.o
LOAD stm32g4xx_hal_dma.c.o
LOAD stm32g4xx_hal_dma_ex.c.o
LOAD stm32g4xx_hal_pwr.c.o
LOAD stm32g4xx_hal_pwr_ex.c.o
LOAD stm32g4xx_hal_cortex.c.o
LOAD stm32g4xx_ll_tim.c.o
LOAD system_stm32g4xx.c.o
LOAD syscalls.c.o
LOAD sysmem.c.o
LOAD startup_stm32g474retx.s.o
LOAD stm_timer_ll.c.o
LOAD C:/ProgramData/MATLAB/SupportPackages/R2025a/3P.instrset/cmsis_dsp.instrset/Lib/GCC/arm_cortexm4ldfsp_math/libCMSISDSP.a
LOAD C:/ProgramData/MATLAB/SupportPackages/R2025a/toolbox/shared/supportpackages/stm32/lib/GCC/libmw_pdmfilter_m4_spfp.lib
LOAD C:/ProgramData/MATLAB/SupportPackages/R2025a/3P.instrset/gnuarm-armcortex.instrset/win/bin/../lib/gcc/arm-none-eabi/13.2.1/thumb/v7e-m+fp/hard\libstdc++_nano.a
LOAD C:/ProgramData/MATLAB/SupportPackages/R2025a/3P.instrset/gnuarm-armcortex.instrset/win/bin/../lib/gcc/arm-none-eabi/13.2.1/thumb/v7e-m+fp/hard\libm.a
START GROUP
LOAD C:/ProgramData/MATLAB/SupportPackages/R2025a/3P.instrset/gnuarm-armcortex.instrset/win/bin/../lib/gcc/arm-none-eabi/13.2.1/thumb/v7e-m+fp/hard\libgcc.a
LOAD C:/ProgramData/MATLAB/SupportPackages/R2025a/3P.instrset/gnuarm-armcortex.instrset/win/bin/../lib/gcc/arm-none-eabi/13.2.1/thumb/v7e-m+fp/hard\libg_nano.a
LOAD C:/ProgramData/MATLAB/SupportPackages/R2025a/3P.instrset/gnuarm-armcortex.instrset/win/bin/../lib/gcc/arm-none-eabi/13.2.1/thumb/v7e-m+fp/hard\libc_nano.a
END GROUP
START GROUP
LOAD C:/ProgramData/MATLAB/SupportPackages/R2025a/3P.instrset/gnuarm-armcortex.instrset/win/bin/../lib/gcc/arm-none-eabi/13.2.1/thumb/v7e-m+fp/hard\libgcc.a
LOAD C:/ProgramData/MATLAB/SupportPackages/R2025a/3P.instrset/gnuarm-armcortex.instrset/win/bin/../lib/gcc/arm-none-eabi/13.2.1/thumb/v7e-m+fp/hard\libc_nano.a
LOAD C:/ProgramData/MATLAB/SupportPackages/R2025a/3P.instrset/gnuarm-armcortex.instrset/win/bin/../lib/gcc/arm-none-eabi/13.2.1/thumb/v7e-m+fp/hard\libnosys.a
END GROUP
START GROUP
LOAD C:/ProgramData/MATLAB/SupportPackages/R2025a/3P.instrset/gnuarm-armcortex.instrset/win/bin/../lib/gcc/arm-none-eabi/13.2.1/thumb/v7e-m+fp/hard\libgcc.a
LOAD C:/ProgramData/MATLAB/SupportPackages/R2025a/3P.instrset/gnuarm-armcortex.instrset/win/bin/../lib/gcc/arm-none-eabi/13.2.1/thumb/v7e-m+fp/hard\libc_nano.a
LOAD C:/ProgramData/MATLAB/SupportPackages/R2025a/3P.instrset/gnuarm-armcortex.instrset/win/bin/../lib/gcc/arm-none-eabi/13.2.1/thumb/v7e-m+fp/hard\libnosys.a
END GROUP
LOAD C:/ProgramData/MATLAB/SupportPackages/R2025a/3P.instrset/gnuarm-armcortex.instrset/win/bin/../lib/gcc/arm-none-eabi/13.2.1/thumb/v7e-m+fp/hard/crtend.o
LOAD C:/ProgramData/MATLAB/SupportPackages/R2025a/3P.instrset/gnuarm-armcortex.instrset/win/bin/../lib/gcc/arm-none-eabi/13.2.1/thumb/v7e-m+fp/hard/crtn.o
                0x20020000                        _estack = (ORIGIN (RAM) + LENGTH (RAM))
                0x00000200                        _Min_Heap_Size = 0x200
                0x00000400                        _Min_Stack_Size = 0x400

.isr_vector     0x08000000      0x1d8
                0x08000000                        . = ALIGN (0x4)
 *(.isr_vector)
 .isr_vector    0x08000000      0x1d8 startup_stm32g474retx.s.o
                0x08000000                g_pfnVectors
                0x080001d8                        . = ALIGN (0x4)

.text           0x080001d8     0xd058
                0x080001d8                        . = ALIGN (0x4)
 *(.text)
 .text          0x080001d8      0x378 C:/ProgramData/MATLAB/SupportPackages/R2025a/3P.instrset/gnuarm-armcortex.instrset/win/bin/../lib/gcc/arm-none-eabi/13.2.1/thumb/v7e-m+fp/hard\libgcc.a(_arm_addsubdf3.o)
                0x080001d8                __aeabi_drsub
                0x080001e0                __aeabi_dsub
                0x080001e0                __subdf3
                0x080001e4                __aeabi_dadd
                0x080001e4                __adddf3
                0x0800045c                __floatunsidf
                0x0800045c                __aeabi_ui2d
                0x0800047c                __floatsidf
                0x0800047c                __aeabi_i2d
                0x080004a0                __aeabi_f2d
                0x080004a0                __extendsfdf2
                0x080004e4                __floatundidf
                0x080004e4                __aeabi_ul2d
                0x080004f4                __floatdidf
                0x080004f4                __aeabi_l2d
 .text          0x08000550      0x424 C:/ProgramData/MATLAB/SupportPackages/R2025a/3P.instrset/gnuarm-armcortex.instrset/win/bin/../lib/gcc/arm-none-eabi/13.2.1/thumb/v7e-m+fp/hard\libgcc.a(_arm_muldivdf3.o)
                0x08000550                __aeabi_dmul
                0x08000550                __muldf3
                0x080007a4                __divdf3
                0x080007a4                __aeabi_ddiv
 .text          0x08000974      0x110 C:/ProgramData/MATLAB/SupportPackages/R2025a/3P.instrset/gnuarm-armcortex.instrset/win/bin/../lib/gcc/arm-none-eabi/13.2.1/thumb/v7e-m+fp/hard\libgcc.a(_arm_cmpdf2.o)
                0x08000974                __gtdf2
                0x08000974                __gedf2
                0x0800097c                __ltdf2
                0x0800097c                __ledf2
                0x08000984                __nedf2
                0x08000984                __eqdf2
                0x08000984                __cmpdf2
                0x08000a00                __aeabi_cdrcmple
                0x08000a10                __aeabi_cdcmpeq
                0x08000a10                __aeabi_cdcmple
                0x08000a20                __aeabi_dcmpeq
                0x08000a34                __aeabi_dcmplt
                0x08000a48                __aeabi_dcmple
                0x08000a5c                __aeabi_dcmpge
                0x08000a70                __aeabi_dcmpgt
 .text          0x08000a84       0x2c C:/ProgramData/MATLAB/SupportPackages/R2025a/3P.instrset/gnuarm-armcortex.instrset/win/bin/../lib/gcc/arm-none-eabi/13.2.1/thumb/v7e-m+fp/hard\libgcc.a(_arm_unorddf2.o)
                0x08000a84                __unorddf2
                0x08000a84                __aeabi_dcmpun
 .text          0x08000ab0       0x40 C:/ProgramData/MATLAB/SupportPackages/R2025a/3P.instrset/gnuarm-armcortex.instrset/win/bin/../lib/gcc/arm-none-eabi/13.2.1/thumb/v7e-m+fp/hard\libgcc.a(_arm_fixunsdfsi.o)
                0x08000ab0                __aeabi_d2uiz
                0x08000ab0                __fixunsdfsi
 .text          0x08000af0       0x30 C:/ProgramData/MATLAB/SupportPackages/R2025a/3P.instrset/gnuarm-armcortex.instrset/win/bin/../lib/gcc/arm-none-eabi/13.2.1/thumb/v7e-m+fp/hard\libgcc.a(_aeabi_uldivmod.o)
                0x08000af0                __aeabi_uldivmod
 .text          0x08000b20        0x4 C:/ProgramData/MATLAB/SupportPackages/R2025a/3P.instrset/gnuarm-armcortex.instrset/win/bin/../lib/gcc/arm-none-eabi/13.2.1/thumb/v7e-m+fp/hard\libgcc.a(_dvmd_tls.o)
                0x08000b20                __aeabi_idiv0
                0x08000b20                __aeabi_ldiv0
 *(.text*)
 .text.deregister_tm_clones
                0x08000b24       0x1c C:/ProgramData/MATLAB/SupportPackages/R2025a/3P.instrset/gnuarm-armcortex.instrset/win/bin/../lib/gcc/arm-none-eabi/13.2.1/thumb/v7e-m+fp/hard/crtbegin.o
 .text.register_tm_clones
                0x08000b40       0x24 C:/ProgramData/MATLAB/SupportPackages/R2025a/3P.instrset/gnuarm-armcortex.instrset/win/bin/../lib/gcc/arm-none-eabi/13.2.1/thumb/v7e-m+fp/hard/crtbegin.o
 .text.__do_global_dtors_aux
                0x08000b64       0x28 C:/ProgramData/MATLAB/SupportPackages/R2025a/3P.instrset/gnuarm-armcortex.instrset/win/bin/../lib/gcc/arm-none-eabi/13.2.1/thumb/v7e-m+fp/hard/crtbegin.o
 .text.frame_dummy
                0x08000b8c       0x24 C:/ProgramData/MATLAB/SupportPackages/R2025a/3P.instrset/gnuarm-armcortex.instrset/win/bin/../lib/gcc/arm-none-eabi/13.2.1/thumb/v7e-m+fp/hard/crtbegin.o
 .text.extmodeParseArgs
                0x08000bb0       0x1e xcp_ext_mode.c.o
                0x08000bb0                extmodeParseArgs
 *fill*         0x08000bce        0x2 
 .text.extmodeInit
                0x08000bd0      0x128 xcp_ext_mode.c.o
                0x08000bd0                extmodeInit
 .text.extmodeWaitForHostRequest
                0x08000cf8       0xcc xcp_ext_mode.c.o
                0x08000cf8                extmodeWaitForHostRequest
 .text.extmodeEvent
                0x08000dc4       0xfc xcp_ext_mode.c.o
                0x08000dc4                extmodeEvent
 .text.extmodeBackgroundRun
                0x08000ec0       0x20 xcp_ext_mode.c.o
                0x08000ec0                extmodeBackgroundRun
 .text.extmodeReset
                0x08000ee0       0x40 xcp_ext_mode.c.o
                0x08000ee0                extmodeReset
 .text.extmodeStopRequested
                0x08000f20       0x18 xcp_ext_mode.c.o
                0x08000f20                extmodeStopRequested
 .text.extmodeSimulationComplete
                0x08000f38       0x18 xcp_ext_mode.c.o
                0x08000f38                extmodeSimulationComplete
 .text.LL_TIM_EnableCounter
                0x08000f50       0x20 Encoder_reader_simulink.c.o
 .text.LL_TIM_DisableCounter
                0x08000f70       0x20 Encoder_reader_simulink.c.o
 .text.LL_TIM_SetUpdateSource
                0x08000f90       0x26 Encoder_reader_simulink.c.o
 .text.LL_TIM_GetUpdateSource
                0x08000fb6       0x1c Encoder_reader_simulink.c.o
 .text.LL_TIM_SetCounter
                0x08000fd2       0x1c Encoder_reader_simulink.c.o
 .text.LL_TIM_GetDirection
                0x08000fee       0x1c Encoder_reader_simulink.c.o
 .text.LL_TIM_GetAutoReload
                0x0800100a       0x18 Encoder_reader_simulink.c.o
 .text.LL_TIM_SetRepetitionCounter
                0x08001022       0x1c Encoder_reader_simulink.c.o
 .text.LL_TIM_GenerateEvent_UPDATE
                0x0800103e       0x20 Encoder_reader_simulink.c.o
 .text.LL_GPIO_ReadInputPort
                0x0800105e       0x18 Encoder_reader_simulink.c.o
 *fill*         0x08001076        0x2 
 .text.isSlaveTriggerModeEnabled
                0x08001078       0x30 Encoder_reader_simulink.c.o
 .text.enableCounter
                0x080010a8      0x118 Encoder_reader_simulink.c.o
 .text.disableCounter
                0x080011c0       0x1a Encoder_reader_simulink.c.o
 .text.resetCounterAccToInput
                0x080011da       0x50 Encoder_reader_simulink.c.o
 *fill*         0x0800122a        0x2 
 .text.Enc_EncoderBlockForG4_setupImpl
                0x0800122c       0x88 Encoder_reader_simulink.c.o
 *fill*         0x080012b4        0x4 
 .text.Encoder_reader_simulink_step
                0x080012b8      0x980 Encoder_reader_simulink.c.o
                0x080012b8                Encoder_reader_simulink_step
 .text.Encoder_reader_simulink_initialize
                0x08001c38      0x1e4 Encoder_reader_simulink.c.o
                0x08001c38                Encoder_reader_simulink_initialize
 .text.Encoder_reader_simulink_terminate
                0x08001e1c       0x98 Encoder_reader_simulink.c.o
                0x08001e1c                Encoder_reader_simulink_terminate
 .text.rt_OneStep
                0x08001eb4       0x4c ert_main.c.o
                0x08001eb4                rt_OneStep
 .text.main     0x08001f00      0x188 ert_main.c.o
                0x08001f00                main
 .text.xcp_void_printf
                0x08002088       0x12 xcp_ext_common.c.o
                0x08002088                xcp_void_printf
 .text.xcpCopyTimeValue
                0x0800209a       0x26 xcp_ext_common.c.o
 .text.xcpExtModeUpdateTime
                0x080020c0      0x13c xcp_ext_common.c.o
                0x080020c0                xcpExtModeUpdateTime
 .text.xcpExtModeInit
                0x080021fc       0xb0 xcp_ext_common.c.o
                0x080021fc                xcpExtModeInit
 .text.xcpExtModeRunBackground
                0x080022ac      0x13c xcp_ext_common.c.o
                0x080022ac                xcpExtModeRunBackground
 .text.xcpExtModeReset
                0x080023e8      0x128 xcp_ext_common.c.o
                0x080023e8                xcpExtModeReset
 .text.sampleSignalTrigger
                0x08002510      0x1b4 xcp_ext_classic_trigger.c.o
 .text.updateTriggerStatus
                0x080026c4      0x2b8 xcp_ext_classic_trigger.c.o
 .text.xcpExtModeClassicTriggerInit
                0x0800297c       0x68 xcp_ext_classic_trigger.c.o
                0x0800297c                xcpExtModeClassicTriggerInit
 .text.xcpExtModeClassicTriggerEnabled
                0x080029e4      0x100 xcp_ext_classic_trigger.c.o
                0x080029e4                xcpExtModeClassicTriggerEnabled
 .text.xcpExtModeClassicTriggerReset
                0x08002ae4       0xf4 xcp_ext_classic_trigger.c.o
                0x08002ae4                xcpExtModeClassicTriggerReset
 .text.xcpExtModeClassicTriggerForceEnableStatusUpdate
                0x08002bd8       0x78 xcp_ext_classic_trigger.c.o
                0x08002bd8                xcpExtModeClassicTriggerForceEnableStatusUpdate
 .text.msgBufferRealloc
                0x08002c50       0x72 xcp.c.o
 *fill*         0x08002cc2        0x2 
 .text.discardInputPacketHandler
                0x08002cc4       0x3c xcp.c.o
 .text.unknownInputPacketHandler
                0x08002d00       0x34 xcp.c.o
 .text.xcpGetPacketGroupID
                0x08002d34       0x74 xcp.c.o
 .text.xcpGetPacketHandlers
                0x08002da8      0x124 xcp.c.o
 .text.xcpStatusSet
                0x08002ecc       0x20 xcp.c.o
                0x08002ecc                xcpStatusSet
 .text.xcpSessionStatusGet
                0x08002eec       0x18 xcp.c.o
                0x08002eec                xcpSessionStatusGet
 .text.xcpSessionStatusSetMask
                0x08002f04       0x28 xcp.c.o
                0x08002f04                xcpSessionStatusSetMask
 .text.xcpSessionStatusClearMask
                0x08002f2c       0x34 xcp.c.o
                0x08002f2c                xcpSessionStatusClearMask
 .text.xcpResourceProtectionStatusGet
                0x08002f60       0x18 xcp.c.o
                0x08002f60                xcpResourceProtectionStatusGet
 .text.xcpSessionConfigurationIdGet
                0x08002f78       0x18 xcp.c.o
                0x08002f78                xcpSessionConfigurationIdGet
 .text.genericOutputPacketHandler
                0x08002f90      0x11c xcp.c.o
                0x08002f90                genericOutputPacketHandler
 .text.xcpFindPacket
                0x080030ac       0x6e xcp.c.o
                0x080030ac                xcpFindPacket
 *fill*         0x0800311a        0x2 
 .text.xcpInit  0x0800311c       0x64 xcp.c.o
                0x0800311c                xcpInit
 .text.xcpRun   0x08003180      0x194 xcp.c.o
                0x08003180                xcpRun
 .text.xcpEvent
                0x08003314       0x50 xcp.c.o
                0x08003314                xcpEvent
 .text.xcpGetStatus
                0x08003364       0x18 xcp.c.o
                0x08003364                xcpGetStatus
 .text.xcpReset
                0x0800337c       0x40 xcp.c.o
                0x0800337c                xcpReset
 .text.xcpPackedModeEventsFlush
                0x080033bc       0x1e xcp.c.o
                0x080033bc                xcpPackedModeEventsFlush
 .text.xcpPackedModeEventReset
                0x080033da       0x2a xcp.c.o
                0x080033da                xcpPackedModeEventReset
 .text.isValidUploadSize
                0x08003404       0x30 xcp_standard.c.o
 .text.xcpMemcpyFromMTA
                0x08003434       0x38 xcp_standard.c.o
 .text.connectInputPacketHandler
                0x0800346c       0xa4 xcp_standard.c.o
 .text.connectOutputPacketHandler
                0x08003510       0xd4 xcp_standard.c.o
 .text.disconnectInputPacketHandler
                0x080035e4       0x54 xcp_standard.c.o
 .text.getStatusInputPacketHandler
                0x08003638       0x28 xcp_standard.c.o
 .text.getStatusOutputPacketHandler
                0x08003660       0x80 xcp_standard.c.o
 .text.synchInputPacketHandler
                0x080036e0       0x44 xcp_standard.c.o
 .text.setMTAInputPacketHandler
                0x08003724       0x78 xcp_standard.c.o
 .text.uploadInputPacketHandler
                0x0800379c       0x98 xcp_standard.c.o
 .text.uploadOutputPacketHandler
                0x08003834       0x9c xcp_standard.c.o
 .text.shortUploadInputPacketHandler
                0x080038d0       0xa4 xcp_standard.c.o
 .text.shortUploadOutputPacketHandler
                0x08003974       0x9c xcp_standard.c.o
 .text.getPacket
                0x08003a10       0x24 xcp_standard.c.o
 .text.xcpStandardInit
                0x08003a34       0x18 xcp_standard.c.o
                0x08003a34                xcpStandardInit
 .text.xcpStandardGetPacketLookup
                0x08003a4c       0x18 xcp_standard.c.o
                0x08003a4c                xcpStandardGetPacketLookup
 .text.xcpStandardSetPacketLookup
                0x08003a64       0x20 xcp_standard.c.o
                0x08003a64                xcpStandardSetPacketLookup
 .text.xcpStandardReset
                0x08003a84       0x12 xcp_standard.c.o
                0x08003a84                xcpStandardReset
 *fill*         0x08003a96        0x2 
 .text.xcpStandardGetAddressFromMta
                0x08003a98       0x18 xcp_standard.c.o
                0x08003a98                xcpStandardGetAddressFromMta
 .text.xcpStandardSetMta
                0x08003ab0       0x3c xcp_standard.c.o
                0x08003ab0                xcpStandardSetMta
 .text.xcpStandardIncrementMta
                0x08003aec       0x28 xcp_standard.c.o
                0x08003aec                xcpStandardIncrementMta
 .text.xcpStandardExtendedInit
                0x08003b14        0xe xcp_standard.c.o
                0x08003b14                xcpStandardExtendedInit
 .text.xcpStandardExtendedReset
                0x08003b22        0xe xcp_standard.c.o
                0x08003b22                xcpStandardExtendedReset
 .text.xcpDaqWriteLock
                0x08003b30       0x4c xcp_daq.c.o
 .text.xcpDaqWriteUnlock
                0x08003b7c       0x20 xcp_daq.c.o
 .text.xcpDaqReadLock
                0x08003b9c       0x38 xcp_daq.c.o
 .text.xcpDaqReadUnlock
                0x08003bd4       0x38 xcp_daq.c.o
 .text.isActiveDaqList
                0x08003c0c       0x50 xcp_daq.c.o
 .text.noActiveDaqLists
                0x08003c5c       0x50 xcp_daq.c.o
 .text.isValidDaqPtr
                0x08003cac       0xb8 xcp_daq.c.o
 .text.isValidDaqEntry
                0x08003d64       0x36 xcp_daq.c.o
 .text.isSupportedDaqListMode
                0x08003d9a       0x26 xcp_daq.c.o
 .text.isValidStartStopMode
                0x08003dc0       0x32 xcp_daq.c.o
 .text.isValidStartStopSynchMode
                0x08003df2       0x32 xcp_daq.c.o
 .text.absoluteOdtNumberIdentification
                0x08003e24       0x10 xcp_daq.c.o
 .text.isDaqPackedModeEnabled
                0x08003e34       0x6c xcp_daq.c.o
 .text.odtPacketSize
                0x08003ea0       0x54 xcp_daq.c.o
 .text.createDaqReservedPool
                0x08003ef4       0x88 xcp_daq.c.o
 .text.destroyDaqReservedPool
                0x08003f7c       0x2c xcp_daq.c.o
 .text.setDaqPtrInputPacketHandler
                0x08003fa8       0xdc xcp_daq.c.o
 .text.writeDaqInputPacketHandler
                0x08004084      0x198 xcp_daq.c.o
 .text.setDaqListModeInputPacketHandler
                0x0800421c      0x1c8 xcp_daq.c.o
 .text.startStopDaqListInputPacketHandler
                0x080043e4      0x3f4 xcp_daq.c.o
 .text.startStopDaqListOutputPacketHandler
                0x080047d8       0x5c xcp_daq.c.o
 .text.startStopSynchInputPacketHandler
                0x08004834      0x328 xcp_daq.c.o
 .text.getDaqProcessorInfoInputPacketHandler
                0x08004b5c       0x28 xcp_daq.c.o
 .text.getDaqProcessorInfoOutputPacketHandler
                0x08004b84       0xac xcp_daq.c.o
 .text.getDaqResolutionInfoInputPacketHandler
                0x08004c30       0x28 xcp_daq.c.o
 .text.getDaqResolutionInfoOutputPacketHandler
                0x08004c58       0xb8 xcp_daq.c.o
 .text.freeDaqInputPacketHandler
                0x08004d10       0x5c xcp_daq.c.o
 .text.allocDaqInputPacketHandler
                0x08004d6c      0x18c xcp_daq.c.o
 .text.allocOdtInputPacketHandler
                0x08004ef8      0x1c0 xcp_daq.c.o
 .text.allocOdtEntryInputPacketHandler
                0x080050b8      0x270 xcp_daq.c.o
 .text.getDaqClockInputPacketHandler
                0x08005328       0x22 xcp_daq.c.o
 *fill*         0x0800534a        0x2 
 .text.setDaqPackedModeInputPacketHandler
                0x0800534c      0x21c xcp_daq.c.o
 .text.level1CommandInputPacketHandler
                0x08005568       0x64 xcp_daq.c.o
 .text.getPacket
                0x080055cc       0x24 xcp_daq.c.o
 .text.xcpDaqInit
                0x080055f0       0x38 xcp_daq.c.o
                0x080055f0                xcpDaqInit
 .text.xcpDaqGetPacketLookup
                0x08005628       0x18 xcp_daq.c.o
                0x08005628                xcpDaqGetPacketLookup
 .text.xcpDaqSetPacketLookup
                0x08005640       0x20 xcp_daq.c.o
                0x08005640                xcpDaqSetPacketLookup
 .text.xcpResetDaq
                0x08005660       0xa4 xcp_daq.c.o
 .text.daqWriteXCPDataForOdt
                0x08005704       0x7c xcp_daq.c.o
 .text.odtWriteEntries
                0x08005780       0x9c xcp_daq.c.o
 .text.xcpProcessDaq
                0x0800581c      0x208 xcp_daq.c.o
 .text.xcpDaqEvent
                0x08005a24      0x108 xcp_daq.c.o
                0x08005a24                xcpDaqEvent
 .text.xcpDaqEventsFlush
                0x08005b2c      0x284 xcp_daq.c.o
                0x08005b2c                xcpDaqEventsFlush
 .text.xcpDaqLock
                0x08005db0       0x1e xcp_daq.c.o
                0x08005db0                xcpDaqLock
 .text.xcpDaqUnlock
                0x08005dce        0xe xcp_daq.c.o
                0x08005dce                xcpDaqUnlock
 .text.xcpResetDaqListStatus
                0x08005ddc      0x19c xcp_daq.c.o
                0x08005ddc                xcpResetDaqListStatus
 .text.xcpDaqReset
                0x08005f78       0x20 xcp_daq.c.o
                0x08005f78                xcpDaqReset
 .text.xcpDaqExtendedInit
                0x08005f98        0xe xcp_daq.c.o
                0x08005f98                xcpDaqExtendedInit
 .text.xcpDaqExtendedReset
                0x08005fa6        0xe xcp_daq.c.o
                0x08005fa6                xcpDaqExtendedReset
 .text.isValidShortDownloadSize
                0x08005fb4       0x34 xcp_calibration.c.o
 .text.isValidDownloadSize
                0x08005fe8       0x3a xcp_calibration.c.o
 *fill*         0x08006022        0x2 
 .text.xcpMemcpyToMTA
                0x08006024       0x34 xcp_calibration.c.o
 .text.downloadInputPacketHandler
                0x08006058       0xb0 xcp_calibration.c.o
 .text.shortDownloadInputPacketHandler
                0x08006108       0xb8 xcp_calibration.c.o
 .text.getPacket
                0x080061c0       0x24 xcp_calibration.c.o
 .text.xcpCalibrationInit
                0x080061e4       0x14 xcp_calibration.c.o
                0x080061e4                xcpCalibrationInit
 .text.xcpCalibrationGetPacketLookup
                0x080061f8       0x18 xcp_calibration.c.o
                0x080061f8                xcpCalibrationGetPacketLookup
 .text.xcpCalibrationSetPacketLookup
                0x08006210       0x20 xcp_calibration.c.o
                0x08006210                xcpCalibrationSetPacketLookup
 .text.xcpCalibrationReset
                0x08006230        0xe xcp_calibration.c.o
                0x08006230                xcpCalibrationReset
 .text.xcpFifoInit
                0x0800623e       0x20 xcp_fifo.c.o
                0x0800623e                xcpFifoInit
 .text.xcpFifoEnqueue
                0x0800625e       0x2a xcp_fifo.c.o
                0x0800625e                xcpFifoEnqueue
 .text.xcpFifoDequeue
                0x08006288       0x3e xcp_fifo.c.o
                0x08006288                xcpFifoDequeue
 .text.xcpFifoEnqueueHead
                0x080062c6       0x32 xcp_fifo.c.o
                0x080062c6                xcpFifoEnqueueHead
 .text.xcpFifoReset
                0x080062f8       0x16 xcp_fifo.c.o
                0x080062f8                xcpFifoReset
 *fill*         0x0800630e        0x2 
 .text.xcpTransportEmptyTxFifo
                0x08006310       0x6c xcp_transport.c.o
 .text.xcpTransportEmptyRxFifo
                0x0800637c       0x6c xcp_transport.c.o
 .text.xcpTransportInit
                0x080063e8      0x138 xcp_transport.c.o
                0x080063e8                xcpTransportInit
 .text.xcpTransportTxReady
                0x08006520       0x1a xcp_transport.c.o
                0x08006520                xcpTransportTxReady
 .text.xcpTransportTxTrigger
                0x0800653a       0x1a xcp_transport.c.o
                0x0800653a                xcpTransportTxTrigger
 .text.xcpTransportTxPacketSet
                0x08006554      0x144 xcp_transport.c.o
                0x08006554                xcpTransportTxPacketSet
 .text.xcpTransportTx
                0x08006698       0xec xcp_transport.c.o
                0x08006698                xcpTransportTx
 .text.xcpTransportRx
                0x08006784       0x80 xcp_transport.c.o
                0x08006784                xcpTransportRx
 .text.xcpTransportRxPacketGet
                0x08006804      0x12c xcp_transport.c.o
                0x08006804                xcpTransportRxPacketGet
 .text.xcpTransportPacketOffset
                0x08006930       0x20 xcp_transport.c.o
                0x08006930                xcpTransportPacketOffset
 .text.xcpTransportMsgBufferSize
                0x08006950       0x70 xcp_transport.c.o
                0x08006950                xcpTransportMsgBufferSize
 .text.xcpTransportMaxDtoSize
                0x080069c0        0xe xcp_transport.c.o
                0x080069c0                xcpTransportMaxDtoSize
 .text.xcpTransportMaxCtoSize
                0x080069ce        0xe xcp_transport.c.o
                0x080069ce                xcpTransportMaxCtoSize
 .text.xcpTransportRestart
                0x080069dc       0x44 xcp_transport.c.o
                0x080069dc                xcpTransportRestart
 .text.xcpTransportResynch
                0x08006a20       0x40 xcp_transport.c.o
                0x08006a20                xcpTransportResynch
 .text.xcpTransportCtoReservedMemPoolId
                0x08006a60       0x18 xcp_transport.c.o
                0x08006a60                xcpTransportCtoReservedMemPoolId
 .text.xcpTransportReset
                0x08006a78       0xe4 xcp_transport.c.o
                0x08006a78                xcpTransportReset
 .text.xcpInitializePoolMemoryArea
                0x08006b5c       0x72 xcp_mem_default.c.o
 *fill*         0x08006bce        0x2 
 .text.xcpMemInit
                0x08006bd0      0x1d4 xcp_mem_default.c.o
                0x08006bd0                xcpMemInit
 .text.xcpMemAlloc
                0x08006da4       0xe8 xcp_mem_default.c.o
                0x08006da4                xcpMemAlloc
 .text.xcpMemFree
                0x08006e8c      0x170 xcp_mem_default.c.o
                0x08006e8c                xcpMemFree
 .text.xcpMemReservedPoolCreate
                0x08006ffc      0x220 xcp_mem_default.c.o
                0x08006ffc                xcpMemReservedPoolCreate
 .text.xcpMemReservedPoolDestroy
                0x0800721c      0x158 xcp_mem_default.c.o
                0x0800721c                xcpMemReservedPoolDestroy
 .text.xcpMemCustomPoolCreate
                0x08007374       0xbc xcp_mem_default.c.o
                0x08007374                xcpMemCustomPoolCreate
 .text.xcpMemCustomPoolDestroy
                0x08007430       0x64 xcp_mem_default.c.o
                0x08007430                xcpMemCustomPoolDestroy
 .text.xcpMemAllocFromPool
                0x08007494      0x170 xcp_mem_default.c.o
                0x08007494                xcpMemAllocFromPool
 .text.xcpMemReset
                0x08007604       0x50 xcp_mem_default.c.o
                0x08007604                xcpMemReset
 .text.xcpDrvOpen
                0x08007654       0x64 xcp_drv_rtiostream.c.o
                0x08007654                xcpDrvOpen
 .text.xcpDrvIoctl
                0x080076b8       0x4c xcp_drv_rtiostream.c.o
                0x080076b8                xcpDrvIoctl
 .text.xcpDrvSend
                0x08007704      0x14c xcp_drv_rtiostream.c.o
                0x08007704                xcpDrvSend
 .text.xcpDrvRecv
                0x08007850      0x14c xcp_drv_rtiostream.c.o
                0x08007850                xcpDrvRecv
 .text.xcpDrvClose
                0x0800799c       0x5c xcp_drv_rtiostream.c.o
                0x0800799c                xcpDrvClose
 .text.xcpSortArray
                0x080079f8       0xcc xcp_utils.c.o
                0x080079f8                xcpSortArray
 .text.xcpSxiHtons
                0x08007ac4       0x18 xcp_frame_serial.c.o
 .text.xcpSxiNtohs
                0x08007adc       0x1c xcp_frame_serial.c.o
 .text.xcpSxiChecksum
                0x08007af8       0x3e xcp_frame_serial.c.o
                0x08007af8                xcpSxiChecksum
 *fill*         0x08007b36        0x2 
 .text.xcpFrameInit
                0x08007b38       0x70 xcp_frame_serial.c.o
                0x08007b38                xcpFrameInit
 .text.xcpFrameMsgSend
                0x08007ba8      0x188 xcp_frame_serial.c.o
                0x08007ba8                xcpFrameMsgSend
 .text.xcpFrameMsgRecv
                0x08007d30      0x180 xcp_frame_serial.c.o
                0x08007d30                xcpFrameMsgRecv
 .text.xcpFrameCreateMsg
                0x08007eb0       0x94 xcp_frame_serial.c.o
                0x08007eb0                xcpFrameCreateMsg
 .text.xcpFrameExtractPacket
                0x08007f44      0x158 xcp_frame_serial.c.o
                0x08007f44                xcpFrameExtractPacket
 .text.xcpFrameHeaderSize
                0x0800809c       0x10 xcp_frame_serial.c.o
                0x0800809c                xcpFrameHeaderSize
 .text.xcpFrameTailSize
                0x080080ac       0x10 xcp_frame_serial.c.o
                0x080080ac                xcpFrameTailSize
 .text.xcpFrameMaxDtoSize
                0x080080bc       0x12 xcp_frame_serial.c.o
                0x080080bc                xcpFrameMaxDtoSize
 .text.xcpFrameMaxCtoSize
                0x080080ce       0x10 xcp_frame_serial.c.o
                0x080080ce                xcpFrameMaxCtoSize
 *fill*         0x080080de        0x2 
 .text.xcpFrameRestart
                0x080080e0       0x30 xcp_frame_serial.c.o
                0x080080e0                xcpFrameRestart
 .text.xcpFrameSetCtoReservedMemPoolId
                0x08008110       0x20 xcp_frame_serial.c.o
                0x08008110                xcpFrameSetCtoReservedMemPoolId
 .text.xcpFrameReset
                0x08008130       0x70 xcp_frame_serial.c.o
                0x08008130                xcpFrameReset
 .text.xcpTransportGetInitParameters
                0x080081a0       0x2e xcp_ext_param_default_serial.c.o
                0x080081a0                xcpTransportGetInitParameters
 .text.xcpGetInitParameters
                0x080081ce       0x2e xcp_ext_param_default_serial.c.o
                0x080081ce                xcpGetInitParameters
 .text.HAL_Delay
                0x080081fc       0x2e overrideHALDelay.c.o
                0x080081fc                HAL_Delay
 *fill*         0x0800822a        0x2 
 .text.PeriphCommonClock_Config
                0x0800822c       0x10 platform_timer.c.o
                0x0800822c                PeriphCommonClock_Config
 .text.getCurrentTimestampInMicros
                0x0800823c       0x3c platform_timer.c.o
                0x0800823c                getCurrentTimestampInMicros
 .text.returnTimeElapsed
                0x08008278       0x2c platform_timer.c.o
                0x08008278                returnTimeElapsed
 .text.timestampInit
                0x080082a4       0x28 platform_timer.c.o
 .text.getCurrentTimestamp
                0x080082cc       0x44 platform_timer.c.o
                0x080082cc                getCurrentTimestamp
 .text.__NVIC_SetPriority
                0x08008310       0x54 SysTickScheduler.c.o
 .text.SysTick_Config
                0x08008364       0x44 SysTickScheduler.c.o
 .text.SysTick_Isr
                0x080083a8       0x48 SysTickScheduler.c.o
 .text.SysTick_Handler
                0x080083f0       0x20 SysTickScheduler.c.o
                0x080083f0                SysTick_Handler
 .text.ARMCM_SysTick_Config
                0x08008410       0xb0 SysTickScheduler.c.o
                0x08008410                ARMCM_SysTick_Config
 .text.PendSV_Handler
                0x080084c0       0x44 m3m4m4f_multitasking.c.o
                0x080084c0                PendSV_Handler
 .text.SVC_Handler
                0x08008504       0x58 m3m4m4f_multitasking.c.o
                0x08008504                SVC_Handler
 .text.rtIOStreamOpen
                0x0800855c       0x44 rtiostream_serial.c.o
                0x0800855c                rtIOStreamOpen
 .text.rtIOStreamSend
                0x080085a0       0x38 rtiostream_serial.c.o
                0x080085a0                rtIOStreamSend
 .text.rtIOStreamRecv
                0x080085d8       0x48 rtiostream_serial.c.o
                0x080085d8                rtIOStreamRecv
 .text.rtIOStreamClose
                0x08008620       0x20 rtiostream_serial.c.o
                0x08008620                rtIOStreamClose
 .text.LL_DMA_GetDataLength
                0x08008640       0x30 stm_usart.c.o
 .text.getAvailableDataInBuffer
                0x08008670       0xcc stm_usart.c.o
                0x08008670                getAvailableDataInBuffer
 .text.getBytesToBeReadFromBuffer
                0x0800873c       0x6e stm_usart.c.o
                0x0800873c                getBytesToBeReadFromBuffer
 *fill*         0x080087aa        0x2 
 .text.readDataFromBuffer
                0x080087ac       0xdc stm_usart.c.o
                0x080087ac                readDataFromBuffer
 .text.__NVIC_GetPriorityGrouping
                0x08008888       0x1c stm_lpuart.c.o
 .text.__NVIC_EnableIRQ
                0x080088a4       0x3c stm_lpuart.c.o
 .text.__NVIC_SetPriority
                0x080088e0       0x54 stm_lpuart.c.o
 .text.NVIC_EncodePriority
                0x08008934       0x66 stm_lpuart.c.o
 *fill*         0x0800899a        0x2 
 .text.LL_DMA_EnableChannel
                0x0800899c       0x44 stm_lpuart.c.o
 .text.LL_DMA_DisableChannel
                0x080089e0       0x44 stm_lpuart.c.o
 .text.LL_DMA_GetMode
                0x08008a24       0x34 stm_lpuart.c.o
 .text.LL_DMA_SetDataLength
                0x08008a58       0x4c stm_lpuart.c.o
 .text.LL_DMA_ConfigAddresses
                0x08008aa4       0x7c stm_lpuart.c.o
 .text.LL_DMA_IsActiveFlag_TC1
                0x08008b20       0x26 stm_lpuart.c.o
 .text.LL_DMA_ClearFlag_TC1
                0x08008b46       0x1a stm_lpuart.c.o
 .text.LL_DMA_EnableIT_TC
                0x08008b60       0x44 stm_lpuart.c.o
 .text.LL_DMA_DisableIT_TC
                0x08008ba4       0x44 stm_lpuart.c.o
 .text.LL_DMA_IsEnabledIT_TC
                0x08008be8       0x3c stm_lpuart.c.o
 .text.LL_LPUART_Enable
                0x08008c24       0x20 stm_lpuart.c.o
 .text.LL_LPUART_Disable
                0x08008c44       0x20 stm_lpuart.c.o
 .text.LL_LPUART_IsEnabled
                0x08008c64       0x26 stm_lpuart.c.o
 .text.LL_LPUART_IsActiveFlag_PE
                0x08008c8a       0x26 stm_lpuart.c.o
 .text.LL_LPUART_IsActiveFlag_FE
                0x08008cb0       0x26 stm_lpuart.c.o
 .text.LL_LPUART_IsActiveFlag_NE
                0x08008cd6       0x26 stm_lpuart.c.o
 .text.LL_LPUART_IsActiveFlag_ORE
                0x08008cfc       0x26 stm_lpuart.c.o
 .text.LL_LPUART_IsActiveFlag_TC
                0x08008d22       0x26 stm_lpuart.c.o
 .text.LL_LPUART_IsActiveFlag_TXE_TXFNF
                0x08008d48       0x26 stm_lpuart.c.o
 .text.LL_LPUART_ClearFlag_PE
                0x08008d6e       0x1a stm_lpuart.c.o
 .text.LL_LPUART_ClearFlag_FE
                0x08008d88       0x1a stm_lpuart.c.o
 .text.LL_LPUART_ClearFlag_NE
                0x08008da2       0x1a stm_lpuart.c.o
 .text.LL_LPUART_ClearFlag_ORE
                0x08008dbc       0x1a stm_lpuart.c.o
 .text.LL_LPUART_EnableIT_RXNE_RXFNE
                0x08008dd6       0x42 stm_lpuart.c.o
 .text.LL_LPUART_EnableIT_PE
                0x08008e18       0x42 stm_lpuart.c.o
 .text.LL_LPUART_EnableIT_ERROR
                0x08008e5a       0x46 stm_lpuart.c.o
 .text.LL_LPUART_DisableIT_RXNE_RXFNE
                0x08008ea0       0x42 stm_lpuart.c.o
 .text.LL_LPUART_DisableIT_TXE_TXFNF
                0x08008ee2       0x42 stm_lpuart.c.o
 .text.LL_LPUART_DisableIT_PE
                0x08008f24       0x42 stm_lpuart.c.o
 .text.LL_LPUART_DisableIT_ERROR
                0x08008f66       0x46 stm_lpuart.c.o
 .text.LL_LPUART_EnableDMAReq_RX
                0x08008fac       0x46 stm_lpuart.c.o
 .text.LL_LPUART_DisableDMAReq_RX
                0x08008ff2       0x46 stm_lpuart.c.o
 .text.LL_LPUART_EnableDMAReq_TX
                0x08009038       0x46 stm_lpuart.c.o
 .text.LL_LPUART_DisableDMAReq_TX
                0x0800907e       0x46 stm_lpuart.c.o
 .text.LL_LPUART_DMA_GetRegAddr
                0x080090c4       0x2c stm_lpuart.c.o
 .text.LL_LPUART_ReceiveData8
                0x080090f0       0x1a stm_lpuart.c.o
 .text.LL_LPUART_TransmitData8
                0x0800910a       0x1e stm_lpuart.c.o
 .text.LPUART_RXDMAInterruptHandler
                0x08009128       0xd4 stm_lpuart.c.o
                0x08009128                LPUART_RXDMAInterruptHandler
 .text.LPUART_IsActiveFlagError
                0x080091fc       0xf4 stm_lpuart.c.o
                0x080091fc                LPUART_IsActiveFlagError
 .text.LPUART1_IRQHandler
                0x080092f0       0x14 stm_lpuart.c.o
                0x080092f0                LPUART1_IRQHandler
 .text.DMA1_Channel1_IRQHandler
                0x08009304       0x20 stm_lpuart.c.o
                0x08009304                DMA1_Channel1_IRQHandler
 .text.LPUART_ConfigureReceiveDMA
                0x08009324       0xae stm_lpuart.c.o
                0x08009324                LPUART_ConfigureReceiveDMA
 .text.LPUART_ConfigureTransmitDMA
                0x080093d2       0x7a stm_lpuart.c.o
                0x080093d2                LPUART_ConfigureTransmitDMA
 .text.MW_LPUART_GetReadErrorStatus
                0x0800944c       0xc8 stm_lpuart.c.o
                0x0800944c                MW_LPUART_GetReadErrorStatus
 .text.MW_LPUART_Initialize
                0x08009514      0x170 stm_lpuart.c.o
                0x08009514                MW_LPUART_Initialize
 .text.MW_LPUART_ReceiveUsingBuffer
                0x08009684       0x5c stm_lpuart.c.o
                0x08009684                MW_LPUART_ReceiveUsingBuffer
 .text.MW_LPUART_TransmitUsingPolling
                0x080096e0      0x184 stm_lpuart.c.o
                0x080096e0                MW_LPUART_TransmitUsingPolling
 .text.MW_LPUART_DeInit
                0x08009864       0xaa stm_lpuart.c.o
                0x08009864                MW_LPUART_DeInit
 .text.sys_arch_protect_arm
                0x0800990e       0x22 sys_arch_arm.c.o
                0x0800990e                sys_arch_protect_arm
 .text.sys_arch_unprotect_arm
                0x08009930       0x20 sys_arch_arm.c.o
                0x08009930                sys_arch_unprotect_arm
 .text.__NVIC_GetPriorityGrouping
                0x08009950       0x1c main.c.o
 .text.__NVIC_EnableIRQ
                0x0800996c       0x3c main.c.o
 .text.__NVIC_SetPriority
                0x080099a8       0x54 main.c.o
 .text.NVIC_EncodePriority
                0x080099fc       0x66 main.c.o
 *fill*         0x08009a62        0x2 
 .text.LL_DMA_SetDataTransferDirection
                0x08009a64       0x50 main.c.o
 .text.LL_DMA_SetMode
                0x08009ab4       0x4c main.c.o
 .text.LL_DMA_SetPeriphIncMode
                0x08009b00       0x4c main.c.o
 .text.LL_DMA_SetMemoryIncMode
                0x08009b4c       0x4c main.c.o
 .text.LL_DMA_SetPeriphSize
                0x08009b98       0x4c main.c.o
 .text.LL_DMA_SetMemorySize
                0x08009be4       0x4c main.c.o
 .text.LL_DMA_SetChannelPriorityLevel
                0x08009c30       0x4c main.c.o
 .text.LL_DMA_SetPeriphRequest
                0x08009c7c       0x54 main.c.o
 .text.LL_LPUART_Enable
                0x08009cd0       0x20 main.c.o
 .text.LL_LPUART_DisableFIFO
                0x08009cf0       0x20 main.c.o
 .text.LL_LPUART_SetTXFIFOThreshold
                0x08009d10       0x4e main.c.o
 .text.LL_LPUART_SetRXFIFOThreshold
                0x08009d5e       0x4e main.c.o
 .text.LL_LPUART_IsActiveFlag_TEACK
                0x08009dac       0x28 main.c.o
 .text.LL_LPUART_IsActiveFlag_REACK
                0x08009dd4       0x28 main.c.o
 .text.LL_RCC_HSI_Enable
                0x08009dfc       0x20 main.c.o
 .text.LL_RCC_HSI_IsReady
                0x08009e1c       0x28 main.c.o
 .text.LL_RCC_HSI_SetCalibTrimming
                0x08009e44       0x2c main.c.o
 .text.LL_RCC_SetSysClkSource
                0x08009e70       0x28 main.c.o
 .text.LL_RCC_GetSysClkSource
                0x08009e98       0x1c main.c.o
 .text.LL_RCC_SetAHBPrescaler
                0x08009eb4       0x28 main.c.o
 .text.LL_RCC_SetAPB1Prescaler
                0x08009edc       0x28 main.c.o
 .text.LL_RCC_SetAPB2Prescaler
                0x08009f04       0x28 main.c.o
 .text.LL_RCC_SetLPUARTClockSource
                0x08009f2c       0x2c main.c.o
 .text.LL_RCC_PLL_Enable
                0x08009f58       0x20 main.c.o
 .text.LL_RCC_PLL_IsReady
                0x08009f78       0x28 main.c.o
 .text.LL_RCC_PLL_ConfigDomain_SYS
                0x08009fa0       0x40 main.c.o
 .text.LL_RCC_PLL_EnableDomain_SYS
                0x08009fe0       0x20 main.c.o
 .text.LL_AHB1_GRP1_EnableClock
                0x0800a000       0x30 main.c.o
 .text.LL_AHB2_GRP1_EnableClock
                0x0800a030       0x30 main.c.o
 .text.LL_APB1_GRP1_EnableClock
                0x0800a060       0x30 main.c.o
 .text.LL_APB1_GRP2_EnableClock
                0x0800a090       0x30 main.c.o
 .text.LL_FLASH_SetLatency
                0x0800a0c0       0x28 main.c.o
 .text.LL_FLASH_GetLatency
                0x0800a0e8       0x1c main.c.o
 .text.LL_PWR_EnableRange1BoostMode
                0x0800a104       0x24 main.c.o
 .text.LL_TIM_DisableARRPreload
                0x0800a128       0x20 main.c.o
 .text.LL_TIM_IC_SetActiveInput
                0x0800a148       0xc0 main.c.o
 .text.LL_TIM_IC_SetPrescaler
                0x0800a208       0xc0 main.c.o
 .text.LL_TIM_IC_SetFilter
                0x0800a2c8       0xc0 main.c.o
 .text.LL_TIM_IC_SetPolarity
                0x0800a388       0xac main.c.o
 .text.LL_TIM_SetEncoderMode
                0x0800a434       0x2a main.c.o
 .text.LL_TIM_SetTriggerOutput
                0x0800a45e       0x2a main.c.o
 .text.LL_TIM_DisableMasterSlaveMode
                0x0800a488       0x20 main.c.o
 .text.SystemClock_Config
                0x0800a4a8       0xb0 main.c.o
                0x0800a4a8                SystemClock_Config
 .text.MX_LPUART1_UART_Init
                0x0800a558      0x148 main.c.o
                0x0800a558                MX_LPUART1_UART_Init
 .text.MX_TIM3_Init
                0x0800a6a0      0x114 main.c.o
                0x0800a6a0                MX_TIM3_Init
 .text.MX_DMA_Init
                0x0800a7b4       0x34 main.c.o
                0x0800a7b4                MX_DMA_Init
 .text.MX_GPIO_Init
                0x0800a7e8       0x54 main.c.o
                0x0800a7e8                MX_GPIO_Init
 .text.HAL_TIM_PeriodElapsedCallback
                0x0800a83c       0x1e main.c.o
                0x0800a83c                HAL_TIM_PeriodElapsedCallback
 .text.Error_Handler
                0x0800a85a        0xc main.c.o
                0x0800a85a                Error_Handler
 .text.NMI_Handler
                0x0800a866        0x8 stm32g4xx_it.c.o
                0x0800a866                NMI_Handler
 .text.HardFault_Handler
                0x0800a86e        0x8 stm32g4xx_it.c.o
                0x0800a86e                HardFault_Handler
 .text.MemManage_Handler
                0x0800a876        0x8 stm32g4xx_it.c.o
                0x0800a876                MemManage_Handler
 .text.BusFault_Handler
                0x0800a87e        0x8 stm32g4xx_it.c.o
                0x0800a87e                BusFault_Handler
 .text.UsageFault_Handler
                0x0800a886        0x8 stm32g4xx_it.c.o
                0x0800a886                UsageFault_Handler
 .text.DebugMon_Handler
                0x0800a88e        0xe stm32g4xx_it.c.o
                0x0800a88e                DebugMon_Handler
 .text.TIM2_IRQHandler
                0x0800a89c       0x14 stm32g4xx_it.c.o
                0x0800a89c                TIM2_IRQHandler
 .text.HAL_MspInit
                0x0800a8b0       0x48 stm32g4xx_hal_msp.c.o
                0x0800a8b0                HAL_MspInit
 .text.HAL_InitTick
                0x0800a8f8       0xd8 stm32g4xx_hal_timebase_tim.c.o
                0x0800a8f8                HAL_InitTick
 .text.LL_SetSystemCoreClock
                0x0800a9d0       0x20 stm32g4xx_ll_utils.c.o
                0x0800a9d0                LL_SetSystemCoreClock
 .text.HAL_TIM_Base_Init
                0x0800a9f0       0xae stm32g4xx_hal_tim.c.o
                0x0800a9f0                HAL_TIM_Base_Init
 .text.HAL_TIM_Base_MspInit
                0x0800aa9e       0x14 stm32g4xx_hal_tim.c.o
                0x0800aa9e                HAL_TIM_Base_MspInit
 *fill*         0x0800aab2        0x2 
 .text.HAL_TIM_Base_Start_IT
                0x0800aab4       0xf0 stm32g4xx_hal_tim.c.o
                0x0800aab4                HAL_TIM_Base_Start_IT
 .text.HAL_TIM_IRQHandler
                0x0800aba4      0x29e stm32g4xx_hal_tim.c.o
                0x0800aba4                HAL_TIM_IRQHandler
 .text.HAL_TIM_OC_DelayElapsedCallback
                0x0800ae42       0x14 stm32g4xx_hal_tim.c.o
                0x0800ae42                HAL_TIM_OC_DelayElapsedCallback
 .text.HAL_TIM_IC_CaptureCallback
                0x0800ae56       0x14 stm32g4xx_hal_tim.c.o
                0x0800ae56                HAL_TIM_IC_CaptureCallback
 .text.HAL_TIM_PWM_PulseFinishedCallback
                0x0800ae6a       0x14 stm32g4xx_hal_tim.c.o
                0x0800ae6a                HAL_TIM_PWM_PulseFinishedCallback
 .text.HAL_TIM_TriggerCallback
                0x0800ae7e       0x14 stm32g4xx_hal_tim.c.o
                0x0800ae7e                HAL_TIM_TriggerCallback
 *fill*         0x0800ae92        0x2 
 .text.TIM_Base_SetConfig
                0x0800ae94      0x168 stm32g4xx_hal_tim.c.o
                0x0800ae94                TIM_Base_SetConfig
 .text.HAL_TIMEx_CommutCallback
                0x0800affc       0x14 stm32g4xx_hal_tim_ex.c.o
                0x0800affc                HAL_TIMEx_CommutCallback
 .text.HAL_TIMEx_BreakCallback
                0x0800b010       0x14 stm32g4xx_hal_tim_ex.c.o
                0x0800b010                HAL_TIMEx_BreakCallback
 .text.HAL_TIMEx_Break2Callback
                0x0800b024       0x14 stm32g4xx_hal_tim_ex.c.o
                0x0800b024                HAL_TIMEx_Break2Callback
 .text.HAL_TIMEx_EncoderIndexCallback
                0x0800b038       0x14 stm32g4xx_hal_tim_ex.c.o
                0x0800b038                HAL_TIMEx_EncoderIndexCallback
 .text.HAL_TIMEx_DirectionChangeCallback
                0x0800b04c       0x14 stm32g4xx_hal_tim_ex.c.o
                0x0800b04c                HAL_TIMEx_DirectionChangeCallback
 .text.HAL_TIMEx_IndexErrorCallback
                0x0800b060       0x14 stm32g4xx_hal_tim_ex.c.o
                0x0800b060                HAL_TIMEx_IndexErrorCallback
 .text.HAL_TIMEx_TransitionErrorCallback
                0x0800b074       0x14 stm32g4xx_hal_tim_ex.c.o
                0x0800b074                HAL_TIMEx_TransitionErrorCallback
 .text.LL_GPIO_SetPinMode
                0x0800b088       0x7a stm32g4xx_ll_gpio.c.o
 .text.LL_GPIO_SetPinOutputType
                0x0800b102       0x30 stm32g4xx_ll_gpio.c.o
 .text.LL_GPIO_SetPinSpeed
                0x0800b132       0x7a stm32g4xx_ll_gpio.c.o
 .text.LL_GPIO_SetPinPull
                0x0800b1ac       0x7a stm32g4xx_ll_gpio.c.o
 .text.LL_GPIO_SetAFPin_0_7
                0x0800b226       0x7a stm32g4xx_ll_gpio.c.o
 .text.LL_GPIO_SetAFPin_8_15
                0x0800b2a0       0x7e stm32g4xx_ll_gpio.c.o
 .text.LL_GPIO_Init
                0x0800b31e       0xdc stm32g4xx_ll_gpio.c.o
                0x0800b31e                LL_GPIO_Init
 .text.LL_LPUART_IsEnabled
                0x0800b3fa       0x26 stm32g4xx_ll_lpuart.c.o
 .text.LL_LPUART_SetPrescaler
                0x0800b420       0x28 stm32g4xx_ll_lpuart.c.o
 .text.LL_LPUART_SetStopBitsLength
                0x0800b448       0x26 stm32g4xx_ll_lpuart.c.o
 .text.LL_LPUART_SetHWFlowCtrl
                0x0800b46e       0x26 stm32g4xx_ll_lpuart.c.o
 .text.LL_LPUART_SetBaudRate
                0x0800b494       0x98 stm32g4xx_ll_lpuart.c.o
 .text.LL_LPUART_Init
                0x0800b52c       0x98 stm32g4xx_ll_lpuart.c.o
                0x0800b52c                LL_LPUART_Init
 .text.LL_RCC_HSI_IsReady
                0x0800b5c4       0x28 stm32g4xx_ll_rcc.c.o
 .text.LL_RCC_LSE_IsReady
                0x0800b5ec       0x28 stm32g4xx_ll_rcc.c.o
 .text.LL_RCC_GetSysClkSource
                0x0800b614       0x1c stm32g4xx_ll_rcc.c.o
 .text.LL_RCC_GetAHBPrescaler
                0x0800b630       0x1c stm32g4xx_ll_rcc.c.o
 .text.LL_RCC_GetAPB1Prescaler
                0x0800b64c       0x1c stm32g4xx_ll_rcc.c.o
 .text.LL_RCC_GetLPUARTClockSource
                0x0800b668       0x24 stm32g4xx_ll_rcc.c.o
 .text.LL_RCC_PLL_GetMainSource
                0x0800b68c       0x1c stm32g4xx_ll_rcc.c.o
 .text.LL_RCC_PLL_GetN
                0x0800b6a8       0x1c stm32g4xx_ll_rcc.c.o
 .text.LL_RCC_PLL_GetR
                0x0800b6c4       0x1c stm32g4xx_ll_rcc.c.o
 .text.LL_RCC_PLL_GetDivider
                0x0800b6e0       0x1c stm32g4xx_ll_rcc.c.o
 .text.LL_RCC_GetLPUARTClockFreq
                0x0800b6fc       0x84 stm32g4xx_ll_rcc.c.o
                0x0800b6fc                LL_RCC_GetLPUARTClockFreq
 .text.RCC_GetSystemClockFreq
                0x0800b780       0x4c stm32g4xx_ll_rcc.c.o
 .text.RCC_GetHCLKClockFreq
                0x0800b7cc       0x30 stm32g4xx_ll_rcc.c.o
 .text.RCC_GetPCLK1ClockFreq
                0x0800b7fc       0x2c stm32g4xx_ll_rcc.c.o
 .text.RCC_PLL_GetFreqDomain_SYS
                0x0800b828       0x68 stm32g4xx_ll_rcc.c.o
 .text.HAL_Init
                0x0800b890       0x30 stm32g4xx_hal.c.o
                0x0800b890                HAL_Init
 .text.HAL_IncTick
                0x0800b8c0       0x24 stm32g4xx_hal.c.o
                0x0800b8c0                HAL_IncTick
 .text.HAL_GetTick
                0x0800b8e4       0x18 stm32g4xx_hal.c.o
                0x0800b8e4                HAL_GetTick
 .text.HAL_RCC_GetHCLKFreq
                0x0800b8fc       0x18 stm32g4xx_hal_rcc.c.o
                0x0800b8fc                HAL_RCC_GetHCLKFreq
 .text.HAL_RCC_GetPCLK1Freq
                0x0800b914       0x2c stm32g4xx_hal_rcc.c.o
                0x0800b914                HAL_RCC_GetPCLK1Freq
 .text.HAL_RCC_GetClockConfig
                0x0800b940       0x64 stm32g4xx_hal_rcc.c.o
                0x0800b940                HAL_RCC_GetClockConfig
 .text.HAL_PWREx_DisableUCPDDeadBattery
                0x0800b9a4       0x20 stm32g4xx_hal_pwr_ex.c.o
                0x0800b9a4                HAL_PWREx_DisableUCPDDeadBattery
 .text.__NVIC_SetPriorityGrouping
                0x0800b9c4       0x48 stm32g4xx_hal_cortex.c.o
 .text.__NVIC_GetPriorityGrouping
                0x0800ba0c       0x1c stm32g4xx_hal_cortex.c.o
 .text.__NVIC_EnableIRQ
                0x0800ba28       0x3c stm32g4xx_hal_cortex.c.o
 .text.__NVIC_SetPriority
                0x0800ba64       0x54 stm32g4xx_hal_cortex.c.o
 .text.NVIC_EncodePriority
                0x0800bab8       0x66 stm32g4xx_hal_cortex.c.o
 .text.HAL_NVIC_SetPriorityGrouping
                0x0800bb1e       0x16 stm32g4xx_hal_cortex.c.o
                0x0800bb1e                HAL_NVIC_SetPriorityGrouping
 .text.HAL_NVIC_SetPriority
                0x0800bb34       0x34 stm32g4xx_hal_cortex.c.o
                0x0800bb34                HAL_NVIC_SetPriority
 .text.HAL_NVIC_EnableIRQ
                0x0800bb68       0x1c stm32g4xx_hal_cortex.c.o
                0x0800bb68                HAL_NVIC_EnableIRQ
 .text.LL_TIM_SetPrescaler
                0x0800bb84       0x1c stm32g4xx_ll_tim.c.o
 .text.LL_TIM_SetAutoReload
                0x0800bba0       0x1c stm32g4xx_ll_tim.c.o
 .text.LL_TIM_SetRepetitionCounter
                0x0800bbbc       0x1c stm32g4xx_ll_tim.c.o
 .text.LL_TIM_GenerateEvent_UPDATE
                0x0800bbd8       0x20 stm32g4xx_ll_tim.c.o
 .text.LL_TIM_Init
                0x0800bbf8      0x144 stm32g4xx_ll_tim.c.o
                0x0800bbf8                LL_TIM_Init
 .text.SystemInit
                0x0800bd3c       0x24 system_stm32g4xx.c.o
                0x0800bd3c                SystemInit
 .text.Reset_Handler
                0x0800bd60       0x50 startup_stm32g474retx.s.o
                0x0800bd60                Reset_Handler
 .text.Default_Handler
                0x0800bdb0        0x2 startup_stm32g474retx.s.o
                0x0800bdb0                RTC_Alarm_IRQHandler
                0x0800bdb0                EXTI2_IRQHandler
                0x0800bdb0                TIM8_TRG_COM_IRQHandler
                0x0800bdb0                TIM8_CC_IRQHandler
                0x0800bdb0                HRTIM1_Master_IRQHandler
                0x0800bdb0                SPI4_IRQHandler
                0x0800bdb0                FDCAN3_IT0_IRQHandler
                0x0800bdb0                TIM1_CC_IRQHandler
                0x0800bdb0                HRTIM1_FLT_IRQHandler
                0x0800bdb0                HRTIM1_TIMF_IRQHandler
                0x0800bdb0                USB_HP_IRQHandler
                0x0800bdb0                CORDIC_IRQHandler
                0x0800bdb0                HRTIM1_TIMD_IRQHandler
                0x0800bdb0                DMA2_Channel8_IRQHandler
                0x0800bdb0                EXTI3_IRQHandler
                0x0800bdb0                I2C3_ER_IRQHandler
                0x0800bdb0                EXTI0_IRQHandler
                0x0800bdb0                I2C2_EV_IRQHandler
                0x0800bdb0                FPU_IRQHandler
                0x0800bdb0                FDCAN1_IT1_IRQHandler
                0x0800bdb0                TIM1_UP_TIM16_IRQHandler
                0x0800bdb0                ADC1_2_IRQHandler
                0x0800bdb0                HRTIM1_TIME_IRQHandler
                0x0800bdb0                SPI1_IRQHandler
                0x0800bdb0                TIM6_DAC_IRQHandler
                0x0800bdb0                HRTIM1_TIMC_IRQHandler
                0x0800bdb0                TIM8_UP_IRQHandler
                0x0800bdb0                DMA2_Channel2_IRQHandler
                0x0800bdb0                DMA1_Channel4_IRQHandler
                0x0800bdb0                TIM20_TRG_COM_IRQHandler
                0x0800bdb0                USART3_IRQHandler
                0x0800bdb0                DMA1_Channel7_IRQHandler
                0x0800bdb0                UART5_IRQHandler
                0x0800bdb0                ADC3_IRQHandler
                0x0800bdb0                TIM4_IRQHandler
                0x0800bdb0                DMA2_Channel1_IRQHandler
                0x0800bdb0                QUADSPI_IRQHandler
                0x0800bdb0                I2C1_EV_IRQHandler
                0x0800bdb0                DMA1_Channel6_IRQHandler
                0x0800bdb0                UART4_IRQHandler
                0x0800bdb0                DMA2_Channel4_IRQHandler
                0x0800bdb0                TIM3_IRQHandler
                0x0800bdb0                RCC_IRQHandler
                0x0800bdb0                TIM20_UP_IRQHandler
                0x0800bdb0                Default_Handler
                0x0800bdb0                DMA2_Channel7_IRQHandler
                0x0800bdb0                RTC_TAMP_LSECSS_IRQHandler
                0x0800bdb0                FMAC_IRQHandler
                0x0800bdb0                EXTI15_10_IRQHandler
                0x0800bdb0                DMA1_Channel8_IRQHandler
                0x0800bdb0                HRTIM1_TIMA_IRQHandler
                0x0800bdb0                TIM7_DAC_IRQHandler
                0x0800bdb0                FDCAN3_IT1_IRQHandler
                0x0800bdb0                TIM5_IRQHandler
                0x0800bdb0                UCPD1_IRQHandler
                0x0800bdb0                I2C3_EV_IRQHandler
                0x0800bdb0                EXTI9_5_IRQHandler
                0x0800bdb0                RTC_WKUP_IRQHandler
                0x0800bdb0                PVD_PVM_IRQHandler
                0x0800bdb0                SPI2_IRQHandler
                0x0800bdb0                ADC5_IRQHandler
                0x0800bdb0                DMA2_Channel5_IRQHandler
                0x0800bdb0                CRS_IRQHandler
                0x0800bdb0                DMA1_Channel5_IRQHandler
                0x0800bdb0                USB_LP_IRQHandler
                0x0800bdb0                EXTI4_IRQHandler
                0x0800bdb0                RNG_IRQHandler
                0x0800bdb0                HRTIM1_TIMB_IRQHandler
                0x0800bdb0                TIM1_TRG_COM_TIM17_IRQHandler
                0x0800bdb0                FDCAN2_IT1_IRQHandler
                0x0800bdb0                DMA1_Channel3_IRQHandler
                0x0800bdb0                ADC4_IRQHandler
                0x0800bdb0                WWDG_IRQHandler
                0x0800bdb0                I2C4_EV_IRQHandler
                0x0800bdb0                FDCAN2_IT0_IRQHandler
                0x0800bdb0                DMA2_Channel6_IRQHandler
                0x0800bdb0                FDCAN1_IT0_IRQHandler
                0x0800bdb0                COMP7_IRQHandler
                0x0800bdb0                COMP1_2_3_IRQHandler
                0x0800bdb0                EXTI1_IRQHandler
                0x0800bdb0                USART2_IRQHandler
                0x0800bdb0                COMP4_5_6_IRQHandler
                0x0800bdb0                TIM20_BRK_IRQHandler
                0x0800bdb0                I2C2_ER_IRQHandler
                0x0800bdb0                DMA1_Channel2_IRQHandler
                0x0800bdb0                TIM8_BRK_IRQHandler
                0x0800bdb0                FLASH_IRQHandler
                0x0800bdb0                TIM20_CC_IRQHandler
                0x0800bdb0                USART1_IRQHandler
                0x0800bdb0                SPI3_IRQHandler
                0x0800bdb0                I2C1_ER_IRQHandler
                0x0800bdb0                FMC_IRQHandler
                0x0800bdb0                LPTIM1_IRQHandler
                0x0800bdb0                DMAMUX_OVR_IRQHandler
                0x0800bdb0                I2C4_ER_IRQHandler
                0x0800bdb0                USBWakeUp_IRQHandler
                0x0800bdb0                SAI1_IRQHandler
                0x0800bdb0                DMA2_Channel3_IRQHandler
                0x0800bdb0                TIM1_BRK_TIM15_IRQHandler
 .text.LL_TIM_GetCounterMode
                0x0800bdb2       0x30 stm_timer_ll.c.o
 .text.LL_TIM_GetCounter
                0x0800bde2       0x18 stm_timer_ll.c.o
 .text.LL_TIM_GetRepetitionCounter
                0x0800bdfa       0x18 stm_timer_ll.c.o
 .text.LL_TIM_CC_EnableChannel
                0x0800be12       0x22 stm_timer_ll.c.o
 .text.LL_TIM_CC_DisableChannel
                0x0800be34       0x24 stm_timer_ll.c.o
 .text.LL_TIM_EnableAllOutputs
                0x0800be58       0x20 stm_timer_ll.c.o
 .text.LL_TIM_IsActiveFlag_IDX
                0x0800be78       0x28 stm_timer_ll.c.o
 .text.LL_TIM_EnableIT_UPDATE
                0x0800bea0       0x20 stm_timer_ll.c.o
 .text.LL_TIM_DisableIT_UPDATE
                0x0800bec0       0x20 stm_timer_ll.c.o
 .text.LL_TIM_IsEnabledIT_UPDATE
                0x0800bee0       0x26 stm_timer_ll.c.o
 .text.LL_TIM_EnableIT_CC1
                0x0800bf06       0x20 stm_timer_ll.c.o
 .text.LL_TIM_DisableIT_CC1
                0x0800bf26       0x20 stm_timer_ll.c.o
 .text.LL_TIM_IsEnabledIT_CC1
                0x0800bf46       0x26 stm_timer_ll.c.o
 .text.LL_TIM_EnableIT_CC2
                0x0800bf6c       0x20 stm_timer_ll.c.o
 .text.LL_TIM_DisableIT_CC2
                0x0800bf8c       0x20 stm_timer_ll.c.o
 .text.LL_TIM_IsEnabledIT_CC2
                0x0800bfac       0x26 stm_timer_ll.c.o
 .text.LL_TIM_EnableIT_CC3
                0x0800bfd2       0x20 stm_timer_ll.c.o
 .text.LL_TIM_DisableIT_CC3
                0x0800bff2       0x20 stm_timer_ll.c.o
 .text.LL_TIM_IsEnabledIT_CC3
                0x0800c012       0x26 stm_timer_ll.c.o
 .text.LL_TIM_EnableIT_CC4
                0x0800c038       0x20 stm_timer_ll.c.o
 .text.LL_TIM_DisableIT_CC4
                0x0800c058       0x20 stm_timer_ll.c.o
 .text.LL_TIM_IsEnabledIT_CC4
                0x0800c078       0x26 stm_timer_ll.c.o
 .text.LL_TIM_EnableIT_COM
                0x0800c09e       0x20 stm_timer_ll.c.o
 .text.LL_TIM_DisableIT_COM
                0x0800c0be       0x20 stm_timer_ll.c.o
 .text.LL_TIM_IsEnabledIT_COM
                0x0800c0de       0x26 stm_timer_ll.c.o
 .text.LL_TIM_EnableIT_TRIG
                0x0800c104       0x20 stm_timer_ll.c.o
 .text.LL_TIM_DisableIT_TRIG
                0x0800c124       0x20 stm_timer_ll.c.o
 .text.LL_TIM_IsEnabledIT_TRIG
                0x0800c144       0x26 stm_timer_ll.c.o
 .text.LL_TIM_EnableIT_BRK
                0x0800c16a       0x20 stm_timer_ll.c.o
 .text.LL_TIM_DisableIT_BRK
                0x0800c18a       0x20 stm_timer_ll.c.o
 .text.LL_TIM_IsEnabledIT_BRK
                0x0800c1aa       0x26 stm_timer_ll.c.o
 .text.LL_TIM_EnableIT_TERR
                0x0800c1d0       0x20 stm_timer_ll.c.o
 .text.LL_TIM_DisableIT_TERR
                0x0800c1f0       0x20 stm_timer_ll.c.o
 .text.LL_TIM_IsEnabledIT_TERR
                0x0800c210       0x28 stm_timer_ll.c.o
 .text.LL_TIM_EnableIT_IERR
                0x0800c238       0x20 stm_timer_ll.c.o
 .text.LL_TIM_DisableIT_IERR
                0x0800c258       0x20 stm_timer_ll.c.o
 .text.LL_TIM_IsEnabledIT_IERR
                0x0800c278       0x28 stm_timer_ll.c.o
 .text.LL_TIM_EnableIT_DIR
                0x0800c2a0       0x20 stm_timer_ll.c.o
 .text.LL_TIM_DisableIT_DIR
                0x0800c2c0       0x20 stm_timer_ll.c.o
 .text.LL_TIM_IsEnabledIT_DIR
                0x0800c2e0       0x28 stm_timer_ll.c.o
 .text.LL_TIM_EnableIT_IDX
                0x0800c308       0x20 stm_timer_ll.c.o
 .text.LL_TIM_DisableIT_IDX
                0x0800c328       0x20 stm_timer_ll.c.o
 .text.LL_TIM_IsEnabledIT_IDX
                0x0800c348       0x28 stm_timer_ll.c.o
 .text.TIM_IsActiveFlagIDX
                0x0800c370       0x34 stm_timer_ll.c.o
                0x0800c370                TIM_IsActiveFlagIDX
 .text.enableTimerInterrupts
                0x0800c3a4      0x1c4 stm_timer_ll.c.o
                0x0800c3a4                enableTimerInterrupts
 .text.disableTimerInterrupts
                0x0800c568      0x1c4 stm_timer_ll.c.o
                0x0800c568                disableTimerInterrupts
 .text.enableTimerChannel1
                0x0800c72c       0xb0 stm_timer_ll.c.o
                0x0800c72c                enableTimerChannel1
 .text.disableTimerChannel1
                0x0800c7dc       0xb0 stm_timer_ll.c.o
                0x0800c7dc                disableTimerChannel1
 .text.enableTimerChannel2
                0x0800c88c       0xb0 stm_timer_ll.c.o
                0x0800c88c                enableTimerChannel2
 .text.disableTimerChannel2
                0x0800c93c       0xb0 stm_timer_ll.c.o
                0x0800c93c                disableTimerChannel2
 .text.Timer_Handle_Init
                0x0800c9ec      0x114 stm_timer_ll.c.o
                0x0800c9ec                Timer_Handle_Init
 .text.getTimerCounterValueForG4
                0x0800cb00       0x64 stm_timer_ll.c.o
                0x0800cb00                getTimerCounterValueForG4
 .text.fmod     0x0800cb64       0x6c C:/ProgramData/MATLAB/SupportPackages/R2025a/3P.instrset/gnuarm-armcortex.instrset/win/bin/../lib/gcc/arm-none-eabi/13.2.1/thumb/v7e-m+fp/hard\libm.a(libm_a-w_fmod.o)
                0x0800cb64                fmod
 .text.__ieee754_fmod
                0x0800cbd0      0x30c C:/ProgramData/MATLAB/SupportPackages/R2025a/3P.instrset/gnuarm-armcortex.instrset/win/bin/../lib/gcc/arm-none-eabi/13.2.1/thumb/v7e-m+fp/hard\libm.a(libm_a-e_fmod.o)
                0x0800cbd0                __ieee754_fmod
 .text.__udivmoddi4
                0x0800cedc      0x2bc C:/ProgramData/MATLAB/SupportPackages/R2025a/3P.instrset/gnuarm-armcortex.instrset/win/bin/../lib/gcc/arm-none-eabi/13.2.1/thumb/v7e-m+fp/hard\libgcc.a(_udivmoddi4.o)
                0x0800cedc                __udivmoddi4
 .text.memset   0x0800d198       0x10 C:/ProgramData/MATLAB/SupportPackages/R2025a/3P.instrset/gnuarm-armcortex.instrset/win/bin/../lib/gcc/arm-none-eabi/13.2.1/thumb/v7e-m+fp/hard\libg_nano.a(libc_a-memset.o)
                0x0800d198                memset
 .text.__errno  0x0800d1a8        0xc C:/ProgramData/MATLAB/SupportPackages/R2025a/3P.instrset/gnuarm-armcortex.instrset/win/bin/../lib/gcc/arm-none-eabi/13.2.1/thumb/v7e-m+fp/hard\libg_nano.a(libc_a-errno.o)
                0x0800d1a8                __errno
 .text.__libc_init_array
                0x0800d1b4       0x48 C:/ProgramData/MATLAB/SupportPackages/R2025a/3P.instrset/gnuarm-armcortex.instrset/win/bin/../lib/gcc/arm-none-eabi/13.2.1/thumb/v7e-m+fp/hard\libg_nano.a(libc_a-init.o)
                0x0800d1b4                __libc_init_array
 .text.memcpy   0x0800d1fc       0x1c C:/ProgramData/MATLAB/SupportPackages/R2025a/3P.instrset/gnuarm-armcortex.instrset/win/bin/../lib/gcc/arm-none-eabi/13.2.1/thumb/v7e-m+fp/hard\libg_nano.a(libc_a-memcpy-stub.o)
                0x0800d1fc                memcpy
 *(.glue_7)
 .glue_7        0x0800d218        0x0 linker stubs
 *(.glue_7t)
 .glue_7t       0x0800d218        0x0 linker stubs
 *(.eh_frame)
 .eh_frame      0x0800d218        0x0 C:/ProgramData/MATLAB/SupportPackages/R2025a/3P.instrset/gnuarm-armcortex.instrset/win/bin/../lib/gcc/arm-none-eabi/13.2.1/thumb/v7e-m+fp/hard/crtbegin.o
 *(.init)
 .init          0x0800d218        0x4 C:/ProgramData/MATLAB/SupportPackages/R2025a/3P.instrset/gnuarm-armcortex.instrset/win/bin/../lib/gcc/arm-none-eabi/13.2.1/thumb/v7e-m+fp/hard/crti.o
                0x0800d218                _init
 .init          0x0800d21c        0x8 C:/ProgramData/MATLAB/SupportPackages/R2025a/3P.instrset/gnuarm-armcortex.instrset/win/bin/../lib/gcc/arm-none-eabi/13.2.1/thumb/v7e-m+fp/hard/crtn.o
 *(.fini)
 .fini          0x0800d224        0x4 C:/ProgramData/MATLAB/SupportPackages/R2025a/3P.instrset/gnuarm-armcortex.instrset/win/bin/../lib/gcc/arm-none-eabi/13.2.1/thumb/v7e-m+fp/hard/crti.o
                0x0800d224                _fini
 .fini          0x0800d228        0x8 C:/ProgramData/MATLAB/SupportPackages/R2025a/3P.instrset/gnuarm-armcortex.instrset/win/bin/../lib/gcc/arm-none-eabi/13.2.1/thumb/v7e-m+fp/hard/crtn.o
                0x0800d230                        . = ALIGN (0x4)
                0x0800d230                        _etext = .

.vfp11_veneer   0x0800d230        0x0
 .vfp11_veneer  0x0800d230        0x0 linker stubs

.v4_bx          0x0800d230        0x0
 .v4_bx         0x0800d230        0x0 linker stubs

.iplt           0x0800d230        0x0
 .iplt          0x0800d230        0x0 C:/ProgramData/MATLAB/SupportPackages/R2025a/3P.instrset/gnuarm-armcortex.instrset/win/bin/../lib/gcc/arm-none-eabi/13.2.1/thumb/v7e-m+fp/hard/crtbegin.o

.rodata         0x0800d230     0x2a28
                0x0800d230                        . = ALIGN (0x4)
 *(.rodata)
 .rodata        0x0800d230      0x2b9 xcp_ext_mode.c.o
 *fill*         0x0800d4e9        0x3 
 .rodata        0x0800d4ec       0x12 Encoder_reader_simulink.c.o
 *fill*         0x0800d4fe        0x2 
 .rodata        0x0800d500      0x12e xcp_ext_common.c.o
 *fill*         0x0800d62e        0x2 
 .rodata        0x0800d630       0x4c xcp_ext_classic_trigger.c.o
 .rodata        0x0800d67c      0x278 xcp.c.o
 .rodata        0x0800d8f4      0x3a9 xcp_standard.c.o
 *fill*         0x0800dc9d        0x3 
 .rodata        0x0800dca0     0x1010 xcp_daq.c.o
 .rodata        0x0800ecb0       0xdd xcp_calibration.c.o
 *fill*         0x0800ed8d        0x3 
 .rodata        0x0800ed90      0x56e xcp_transport.c.o
 *fill*         0x0800f2fe        0x2 
 .rodata        0x0800f300       0xf5 xcp_mem_default.c.o
 *fill*         0x0800f3f5        0x3 
 .rodata        0x0800f3f8      0x228 xcp_drv_rtiostream.c.o
 .rodata        0x0800f620      0x4aa xcp_frame_serial.c.o
 *(.rodata*)
 *fill*         0x0800faca        0x2 
 .rodata.Encoder_reader_simulink_M
                0x0800facc        0x4 Encoder_reader_simulink.c.o
                0x0800facc                Encoder_reader_simulink_M
 .rodata.rtAlwaysEnabled.0
                0x0800fad0        0x1 Encoder_reader_simulink.c.o
 *fill*         0x0800fad1        0x3 
 .rodata.standardSupportedRxPacket
                0x0800fad4       0x54 xcp_standard.c.o
 .rodata.daqSupportedRxPacket
                0x0800fb28       0x9c xcp_daq.c.o
 .rodata.calibrationSupportedRxPacket
                0x0800fbc4       0x18 xcp_calibration.c.o
 .rodata.CHANNEL_OFFSET_TAB
                0x0800fbdc        0x8 stm_usart.c.o
 .rodata.CHANNEL_OFFSET_TAB
                0x0800fbe4        0x8 stm_lpuart.c.o
 .rodata.CHANNEL_OFFSET_TAB
                0x0800fbec        0x8 main.c.o
 .rodata.OFFSET_TAB_CCMRx
                0x0800fbf4        0xa main.c.o
 *fill*         0x0800fbfe        0x2 
 .rodata.SHIFT_TAB_ICxx
                0x0800fc00        0xa main.c.o
 *fill*         0x0800fc0a        0x2 
 .rodata.SHIFT_TAB_CCxP
                0x0800fc0c        0xa main.c.o
 *fill*         0x0800fc16        0x2 
 .rodata.LPUART_PRESCALER_TAB
                0x0800fc18       0x18 stm32g4xx_ll_lpuart.c.o
 .rodata.AHBPrescTable
                0x0800fc30       0x10 system_stm32g4xx.c.o
                0x0800fc30                AHBPrescTable
 .rodata.APBPrescTable
                0x0800fc40        0x8 system_stm32g4xx.c.o
                0x0800fc40                APBPrescTable
 .rodata.Zero   0x0800fc48       0x10 C:/ProgramData/MATLAB/SupportPackages/R2025a/3P.instrset/gnuarm-armcortex.instrset/win/bin/../lib/gcc/arm-none-eabi/13.2.1/thumb/v7e-m+fp/hard\libm.a(libm_a-e_fmod.o)
                0x0800fc58                        . = ALIGN (0x4)

.ARM.extab      0x0800fc58        0x0
                0x0800fc58                        . = ALIGN (0x4)
 *(.ARM.extab* .gnu.linkonce.armextab.*)
                0x0800fc58                        . = ALIGN (0x4)

.ARM            0x0800fc58        0x8
                0x0800fc58                        . = ALIGN (0x4)
                0x0800fc58                        __exidx_start = .
 *(.ARM.exidx*)
 .ARM.exidx.text.__udivmoddi4
                0x0800fc58        0x8 C:/ProgramData/MATLAB/SupportPackages/R2025a/3P.instrset/gnuarm-armcortex.instrset/win/bin/../lib/gcc/arm-none-eabi/13.2.1/thumb/v7e-m+fp/hard\libgcc.a(_udivmoddi4.o)
                0x0800fc60                        __exidx_end = .
                0x0800fc60                        . = ALIGN (0x4)

.preinit_array  0x0800fc60        0x0
                0x0800fc60                        . = ALIGN (0x4)
                0x0800fc60                        PROVIDE (__preinit_array_start = .)
 *(.preinit_array*)
                0x0800fc60                        PROVIDE (__preinit_array_end = .)
                0x0800fc60                        . = ALIGN (0x4)

.init_array     0x0800fc60        0x4
                0x0800fc60                        . = ALIGN (0x4)
                0x0800fc60                        PROVIDE (__init_array_start = .)
 *(SORT_BY_NAME(.init_array.*))
 *(.init_array*)
 .init_array    0x0800fc60        0x4 C:/ProgramData/MATLAB/SupportPackages/R2025a/3P.instrset/gnuarm-armcortex.instrset/win/bin/../lib/gcc/arm-none-eabi/13.2.1/thumb/v7e-m+fp/hard/crtbegin.o
                0x0800fc64                        PROVIDE (__init_array_end = .)
                0x0800fc64                        . = ALIGN (0x4)

.fini_array     0x0800fc64        0x4
                0x0800fc64                        . = ALIGN (0x4)
                [!provide]                        PROVIDE (__fini_array_start = .)
 *(SORT_BY_NAME(.fini_array.*))
 *(.fini_array*)
 .fini_array    0x0800fc64        0x4 C:/ProgramData/MATLAB/SupportPackages/R2025a/3P.instrset/gnuarm-armcortex.instrset/win/bin/../lib/gcc/arm-none-eabi/13.2.1/thumb/v7e-m+fp/hard/crtbegin.o
                [!provide]                        PROVIDE (__fini_array_end = .)
                0x0800fc68                        . = ALIGN (0x4)
                0x0800fc68                        _sidata = LOADADDR (.data)

.rel.dyn        0x0800fc68        0x0
 .rel.iplt      0x0800fc68        0x0 C:/ProgramData/MATLAB/SupportPackages/R2025a/3P.instrset/gnuarm-armcortex.instrset/win/bin/../lib/gcc/arm-none-eabi/13.2.1/thumb/v7e-m+fp/hard/crtbegin.o

.data           0x20000000       0xec load address 0x0800fc68
                0x20000000                        . = ALIGN (0x4)
                0x20000000                        _sdata = .
 *(.data)
 *(.data*)
 .data.rtInf    0x20000000        0x8 rt_nonfinite.c.o
                0x20000000                rtInf
 .data.xcpExtmodeFinalSimulationTime
                0x20000008        0x8 xcp_ext_common.c.o
                0x20000008                xcpExtmodeFinalSimulationTime
 .data.xcpClassicTriggerDuration
                0x20000010        0x4 xcp_ext_classic_trigger.c.o
                0x20000010                xcpClassicTriggerDuration
 .data.xcpClassicTriggerArmRequest
                0x20000014        0x1 xcp_ext_classic_trigger.c.o
                0x20000014                xcpClassicTriggerArmRequest
 *fill*         0x20000015        0x3 
 .data.startStopDaqListId
                0x20000018        0x4 xcp_daq.c.o
 .data.xcpCurrentDaq
                0x2000001c        0x4 xcp_daq.c.o
 .data.xcpEventCustomMemoryManager
                0x20000020        0xc xcp_daq.c.o
 .data.xcpCtoReservedMemPoolId
                0x2000002c        0x4 xcp_transport.c.o
 .data.xcpMemMainBlockSizes
                0x20000030        0xc xcp_mem_default.c.o
 .data.xcpMemMainBlocksNumber
                0x2000003c        0xc xcp_mem_default.c.o
 .data.drvID    0x20000048        0x4 xcp_drv_rtiostream.c.o
 .data.xcpCtoReservedMemPoolId
                0x2000004c        0x4 xcp_frame_serial.c.o
 .data.uartObj  0x20000050       0x40 rtiostream_serial.c.o
                0x20000050                uartObj
 .data.uwTickPrio
                0x20000090        0x4 stm32g4xx_hal.c.o
                0x20000090                uwTickPrio
 .data.uwTickFreq
                0x20000094        0x4 stm32g4xx_hal.c.o
                0x20000094                uwTickFreq
 .data.SystemCoreClock
                0x20000098        0x4 system_stm32g4xx.c.o
                0x20000098                SystemCoreClock
 .data._impure_ptr
                0x2000009c        0x4 C:/ProgramData/MATLAB/SupportPackages/R2025a/3P.instrset/gnuarm-armcortex.instrset/win/bin/../lib/gcc/arm-none-eabi/13.2.1/thumb/v7e-m+fp/hard\libg_nano.a(libc_a-impure.o)
                0x2000009c                _impure_ptr
 .data._impure_data
                0x200000a0       0x4c C:/ProgramData/MATLAB/SupportPackages/R2025a/3P.instrset/gnuarm-armcortex.instrset/win/bin/../lib/gcc/arm-none-eabi/13.2.1/thumb/v7e-m+fp/hard\libg_nano.a(libc_a-impure.o)
                0x200000a0                _impure_data
 *(.RamFunc)
 *(.RamFunc*)
                0x200000ec                        . = ALIGN (0x4)
                0x200000ec                        _edata = .

.tm_clone_table
                0x200000ec        0x0 load address 0x0800fd54
 .tm_clone_table
                0x200000ec        0x0 C:/ProgramData/MATLAB/SupportPackages/R2025a/3P.instrset/gnuarm-armcortex.instrset/win/bin/../lib/gcc/arm-none-eabi/13.2.1/thumb/v7e-m+fp/hard/crtbegin.o
 .tm_clone_table
                0x200000ec        0x0 C:/ProgramData/MATLAB/SupportPackages/R2025a/3P.instrset/gnuarm-armcortex.instrset/win/bin/../lib/gcc/arm-none-eabi/13.2.1/thumb/v7e-m+fp/hard/crtend.o

.igot.plt       0x200000ec        0x0 load address 0x0800fd54
 .igot.plt      0x200000ec        0x0 C:/ProgramData/MATLAB/SupportPackages/R2025a/3P.instrset/gnuarm-armcortex.instrset/win/bin/../lib/gcc/arm-none-eabi/13.2.1/thumb/v7e-m+fp/hard/crtbegin.o
                0x200000ec                        . = ALIGN (0x4)

.bss            0x200000f0     0x186c load address 0x0800fd54
                0x200000f0                        _sbss = .
                0x200000f0                        __bss_start__ = _sbss
 *(.bss)
 *(.bss*)
 .bss.completed.1
                0x200000f0        0x1 C:/ProgramData/MATLAB/SupportPackages/R2025a/3P.instrset/gnuarm-armcortex.instrset/win/bin/../lib/gcc/arm-none-eabi/13.2.1/thumb/v7e-m+fp/hard/crtbegin.o
 *fill*         0x200000f1        0x3 
 .bss.object.0  0x200000f4       0x18 C:/ProgramData/MATLAB/SupportPackages/R2025a/3P.instrset/gnuarm-armcortex.instrset/win/bin/../lib/gcc/arm-none-eabi/13.2.1/thumb/v7e-m+fp/hard/crtbegin.o
 .bss.xcpCustomTriggerFunction
                0x2000010c        0x8 xcp_ext_mode.c.o
 *fill*         0x20000114        0x4 
 .bss.Encoder_reader_simulink_B
                0x20000118       0x40 Encoder_reader_simulink.c.o
                0x20000118                Encoder_reader_simulink_B
 .bss.Encoder_reader_simulink_DW
                0x20000158       0xc8 Encoder_reader_simulink.c.o
                0x20000158                Encoder_reader_simulink_DW
 .bss.Encoder_reader_simulink_M_
                0x20000220      0x160 Encoder_reader_simulink.c.o
 .bss.rt_ExtModeInfo.2
                0x20000380       0x14 Encoder_reader_simulink.c.o
 .bss.systemRan.1
                0x20000394       0x18 Encoder_reader_simulink.c.o
 .bss.IsrOverrun
                0x200003ac        0x4 ert_main.c.o
                0x200003ac                IsrOverrun
 .bss.OverrunFlag
                0x200003b0        0x1 ert_main.c.o
 .bss.stopRequested
                0x200003b1        0x1 ert_main.c.o
                0x200003b1                stopRequested
 .bss.runModel  0x200003b2        0x1 ert_main.c.o
                0x200003b2                runModel
 .bss.xcpModelStartRequest
                0x200003b3        0x1 xcp_ext_common.c.o
                0x200003b3                xcpModelStartRequest
 .bss.xcpModelStopRequest
                0x200003b4        0x1 xcp_ext_common.c.o
                0x200003b4                xcpModelStopRequest
 .bss.xcpModelStatus
                0x200003b5        0x1 xcp_ext_common.c.o
                0x200003b5                xcpModelStatus
 *fill*         0x200003b6        0x2 
 .bss.xcpModelChecksum0
                0x200003b8        0x4 xcp_ext_common.c.o
                0x200003b8                xcpModelChecksum0
 .bss.xcpModelChecksum1
                0x200003bc        0x4 xcp_ext_common.c.o
                0x200003bc                xcpModelChecksum1
 .bss.xcpModelChecksum2
                0x200003c0        0x4 xcp_ext_common.c.o
                0x200003c0                xcpModelChecksum2
 .bss.xcpModelChecksum3
                0x200003c4        0x4 xcp_ext_common.c.o
                0x200003c4                xcpModelChecksum3
 .bss.xcpModelIntegerCode
                0x200003c8        0x4 xcp_ext_common.c.o
                0x200003c8                xcpModelIntegerCode
 .bss.xcpExtmodeSimulationComplete
                0x200003cc        0x1 xcp_ext_common.c.o
                0x200003cc                xcpExtmodeSimulationComplete
 *fill*         0x200003cd        0x3 
 .bss.xcpDummyDoubleVariable
                0x200003d0        0x8 xcp_ext_common.c.o
                0x200003d0                xcpDummyDoubleVariable
 .bss.xcpDummyUint64Variable
                0x200003d8        0x8 xcp_ext_common.c.o
                0x200003d8                xcpDummyUint64Variable
 .bss.xcpCurrentSimulationTimeInMs
                0x200003e0        0x8 xcp_ext_common.c.o
                0x200003e0                xcpCurrentSimulationTimeInMs
 .bss.xcpBaseRateSimulationTime
                0x200003e8        0x8 xcp_ext_common.c.o
 .bss.xcpClassicTriggerEventId
                0x200003f0        0x2 xcp_ext_classic_trigger.c.o
                0x200003f0                xcpClassicTriggerEventId
 *fill*         0x200003f2        0x2 
 .bss.xcpClassicTriggerSignalAddress
                0x200003f4        0x4 xcp_ext_classic_trigger.c.o
                0x200003f4                xcpClassicTriggerSignalAddress
 .bss.xcpClassicTriggerSignalAddressExtension
                0x200003f8        0x1 xcp_ext_classic_trigger.c.o
                0x200003f8                xcpClassicTriggerSignalAddressExtension
 *fill*         0x200003f9        0x7 
 .bss.xcpClassicTriggerLevel
                0x20000400        0x8 xcp_ext_classic_trigger.c.o
                0x20000400                xcpClassicTriggerLevel
 .bss.xcpClassicTriggerHoldOff
                0x20000408        0x4 xcp_ext_classic_trigger.c.o
                0x20000408                xcpClassicTriggerHoldOff
 .bss.xcpClassicTriggerDelay
                0x2000040c        0x4 xcp_ext_classic_trigger.c.o
                0x2000040c                xcpClassicTriggerDelay
 .bss.xcpClassicTriggerDirection
                0x20000410        0x1 xcp_ext_classic_trigger.c.o
                0x20000410                xcpClassicTriggerDirection
 .bss.xcpClassicTriggerCancelRequest
                0x20000411        0x1 xcp_ext_classic_trigger.c.o
                0x20000411                xcpClassicTriggerCancelRequest
 .bss.xcpClassicTriggerSource
                0x20000412        0x1 xcp_ext_classic_trigger.c.o
                0x20000412                xcpClassicTriggerSource
 .bss.xcpClassicTriggerMode
                0x20000413        0x1 xcp_ext_classic_trigger.c.o
                0x20000413                xcpClassicTriggerMode
 .bss.xcpClassicTriggerStatus
                0x20000414        0x1 xcp_ext_classic_trigger.c.o
                0x20000414                xcpClassicTriggerStatus
 *fill*         0x20000415        0x3 
 .bss.xcpOldSignalValue
                0x20000418        0x8 xcp_ext_classic_trigger.c.o
 .bss.xcpOldSignalValueAvailable
                0x20000420        0x1 xcp_ext_classic_trigger.c.o
 .bss.xcpOldClassicTriggerSource
                0x20000421        0x1 xcp_ext_classic_trigger.c.o
 .bss.xcpTriggerEnabled
                0x20000422        0x1 xcp_ext_classic_trigger.c.o
 .bss.xcpSignalTriggerFired
                0x20000423        0x1 xcp_ext_classic_trigger.c.o
 .bss.xcpTriggerCount
                0x20000424        0x4 xcp_ext_classic_trigger.c.o
 .bss.xcpForcedTriggerEnabled
                0x20000428        0x1 xcp_ext_classic_trigger.c.o
 .bss.xcpForceTriggerEnableRequest
                0x20000429        0x1 xcp_ext_classic_trigger.c.o
 .bss.initialized
                0x2000042a        0x1 xcp.c.o
 .bss.xcpStatus
                0x2000042b        0x1 xcp.c.o
 .bss.xcpSessionStatus
                0x2000042c        0x1 xcp.c.o
 .bss.xcpResourceProtectionStatus
                0x2000042d        0x1 xcp.c.o
 .bss.xcpSessionConfigurationId
                0x2000042e        0x2 xcp.c.o
 .bss.groupPacketLookup
                0x20000430       0x10 xcp.c.o
 .bss.xcpMta    0x20000440        0x8 xcp_standard.c.o
 .bss.xcpUploadSize
                0x20000448        0x1 xcp_standard.c.o
 *fill*         0x20000449        0x3 
 .bss.packetLookup
                0x2000044c        0x4 xcp_standard.c.o
 .bss.xcpDynamicDaqLists
                0x20000450        0x8 xcp_daq.c.o
 .bss.xcpRunningEventCounter
                0x20000458        0x4 xcp_daq.c.o
 .bss.daqLock   0x2000045c        0x4 xcp_daq.c.o
 .bss.packetLookup
                0x20000460        0x4 xcp_daq.c.o
 .bss.packetLookup
                0x20000464        0x4 xcp_calibration.c.o
 .bss.txFifo    0x20000468       0x10 xcp_transport.c.o
 .bss.txLock    0x20000478        0x4 xcp_transport.c.o
 .bss.rxFifo    0x2000047c        0x8 xcp_transport.c.o
 .bss.rxLock    0x20000484        0x4 xcp_transport.c.o
 .bss.initialized
                0x20000488        0x1 xcp_transport.c.o
 *fill*         0x20000489        0x3 
 .bss.xcpMemPoolDescriptors
                0x2000048c       0xc0 xcp_mem_default.c.o
 .bss.xcpMemCustomPoolDescriptors
                0x2000054c        0x8 xcp_mem_default.c.o
 .bss.xcpMemMainChunk
                0x20000554      0x467 xcp_mem_default.c.o
 *fill*         0x200009bb        0x1 
 .bss.xcpMemReservedPoolsChunk
                0x200009bc      0x913 xcp_mem_default.c.o
 *fill*         0x200012cf        0x1 
 .bss.xcpMemReservedPoolsChunkUsedBytes
                0x200012d0        0x4 xcp_mem_default.c.o
 .bss.xcpMemLock
                0x200012d4        0x4 xcp_mem_default.c.o
 .bss.forceBlocking
                0x200012d8        0x1 xcp_drv_rtiostream.c.o
 *fill*         0x200012d9        0x1 
 .bss.txCounter
                0x200012da        0x2 xcp_frame_serial.c.o
 .bss.rxCounter
                0x200012dc        0x2 xcp_frame_serial.c.o
 *fill*         0x200012de        0x2 
 .bss.firstRxCounterReceived
                0x200012e0        0x4 xcp_frame_serial.c.o
 .bss.initialized
                0x200012e4        0x1 xcp_frame_serial.c.o
 *fill*         0x200012e5        0x3 
 .bss.timestampInitialized
                0x200012e8        0x4 platform_timer.c.o
 .bss.timestampStartTime
                0x200012ec        0x4 platform_timer.c.o
 .bss.schdl_counter
                0x200012f0        0x4 SysTickScheduler.c.o
                0x200012f0                schdl_counter
 .bss.schdl_counter_max
                0x200012f4        0x4 SysTickScheduler.c.o
                0x200012f4                schdl_counter_max
 .bss.taskToSchedule
                0x200012f8        0x4 m3m4m4f_multitasking.c.o
                0x200012f8                taskToSchedule
 .bss.mw_ext_h  0x200012fc        0x4 rtiostream_serial.c.o
                0x200012fc                mw_ext_h
 .bss.UARTRxBuffer
                0x20001300        0x4 rtiostream_serial.c.o
                0x20001300                UARTRxBuffer
 .bss.mw_lpuart1
                0x20001304       0x40 stm_lpuart.c.o
                0x20001304                mw_lpuart1
 .bss.LPUART1ReceiveBuffer
                0x20001344      0x400 stm_lpuart.c.o
                0x20001344                LPUART1ReceiveBuffer
 .bss.htim2     0x20001744       0x4c stm32g4xx_hal_timebase_tim.c.o
                0x20001744                htim2
 .bss.uwTick    0x20001790        0x4 stm32g4xx_hal.c.o
                0x20001790                uwTick
 .bss.mw_tim3   0x20001794       0x8c stm_timer_ll.c.o
                0x20001794                mw_tim3
 .bss.firstIndexReceived.0
                0x20001820        0x1 stm_timer_ll.c.o
 *fill*         0x20001821        0x3 
 .bss.__sf      0x20001824      0x138 C:/ProgramData/MATLAB/SupportPackages/R2025a/3P.instrset/gnuarm-armcortex.instrset/win/bin/../lib/gcc/arm-none-eabi/13.2.1/thumb/v7e-m+fp/hard\libg_nano.a(libc_a-findfp.o)
                0x20001824                __sf
 *(COMMON)
                0x2000195c                        . = ALIGN (0x4)
                0x2000195c                        _ebss = .
                0x2000195c                        __bss_end__ = _ebss

._user_heap_stack
                0x2000195c      0x604 load address 0x0800fd54
                0x20001960                        . = ALIGN (0x8)
 *fill*         0x2000195c        0x4 
                [!provide]                        PROVIDE (end = .)
                0x20001960                        PROVIDE (_end = .)
                0x20001b60                        . = (. + _Min_Heap_Size)
 *fill*         0x20001960      0x200 
                0x20001f60                        . = (. + _Min_Stack_Size)
 *fill*         0x20001b60      0x400 
                0x20001f60                        . = ALIGN (0x8)

/DISCARD/
 libc.a(*)
 libm.a(*)
 libgcc.a(*)

.ARM.attributes
                0x00000000       0x30
 *(.ARM.attributes)
 .ARM.attributes
                0x00000000       0x22 C:/ProgramData/MATLAB/SupportPackages/R2025a/3P.instrset/gnuarm-armcortex.instrset/win/bin/../lib/gcc/arm-none-eabi/13.2.1/thumb/v7e-m+fp/hard/crti.o
 .ARM.attributes
                0x00000022       0x34 C:/ProgramData/MATLAB/SupportPackages/R2025a/3P.instrset/gnuarm-armcortex.instrset/win/bin/../lib/gcc/arm-none-eabi/13.2.1/thumb/v7e-m+fp/hard/crtbegin.o
 .ARM.attributes
                0x00000056       0x34 xcp_ext_mode.c.o
 .ARM.attributes
                0x0000008a       0x34 Encoder_reader_simulink.c.o
 .ARM.attributes
                0x000000be       0x34 ert_main.c.o
 .ARM.attributes
                0x000000f2       0x34 rt_nonfinite.c.o
 .ARM.attributes
                0x00000126       0x34 xcp_ext_common.c.o
 .ARM.attributes
                0x0000015a       0x34 xcp_ext_classic_trigger.c.o
 .ARM.attributes
                0x0000018e       0x34 xcp.c.o
 .ARM.attributes
                0x000001c2       0x34 xcp_standard.c.o
 .ARM.attributes
                0x000001f6       0x34 xcp_daq.c.o
 .ARM.attributes
                0x0000022a       0x34 xcp_calibration.c.o
 .ARM.attributes
                0x0000025e       0x34 xcp_fifo.c.o
 .ARM.attributes
                0x00000292       0x34 xcp_transport.c.o
 .ARM.attributes
                0x000002c6       0x34 xcp_mem_default.c.o
 .ARM.attributes
                0x000002fa       0x34 xcp_drv_rtiostream.c.o
 .ARM.attributes
                0x0000032e       0x34 xcp_utils.c.o
 .ARM.attributes
                0x00000362       0x34 xcp_frame_serial.c.o
 .ARM.attributes
                0x00000396       0x34 xcp_ext_param_default_serial.c.o
 .ARM.attributes
                0x000003ca       0x34 overrideHALDelay.c.o
 .ARM.attributes
                0x000003fe       0x34 platform_timer.c.o
 .ARM.attributes
                0x00000432       0x34 SysTickScheduler.c.o
 .ARM.attributes
                0x00000466       0x34 m3m4m4f_multitasking.c.o
 .ARM.attributes
                0x0000049a       0x34 rtiostream_serial.c.o
 .ARM.attributes
                0x000004ce       0x34 stm_usart.c.o
 .ARM.attributes
                0x00000502       0x34 stm_lpuart.c.o
 .ARM.attributes
                0x00000536       0x34 sys_arch_arm.c.o
 .ARM.attributes
                0x0000056a       0x34 main.c.o
 .ARM.attributes
                0x0000059e       0x34 stm32g4xx_it.c.o
 .ARM.attributes
                0x000005d2       0x34 stm32g4xx_hal_msp.c.o
 .ARM.attributes
                0x00000606       0x34 stm32g4xx_hal_timebase_tim.c.o
 .ARM.attributes
                0x0000063a       0x34 stm32g4xx_ll_utils.c.o
 .ARM.attributes
                0x0000066e       0x34 stm32g4xx_hal_tim.c.o
 .ARM.attributes
                0x000006a2       0x34 stm32g4xx_hal_tim_ex.c.o
 .ARM.attributes
                0x000006d6       0x34 stm32g4xx_ll_gpio.c.o
 .ARM.attributes
                0x0000070a       0x34 stm32g4xx_ll_lpuart.c.o
 .ARM.attributes
                0x0000073e       0x34 stm32g4xx_ll_rcc.c.o
 .ARM.attributes
                0x00000772       0x34 stm32g4xx_hal.c.o
 .ARM.attributes
                0x000007a6       0x34 stm32g4xx_hal_rcc.c.o
 .ARM.attributes
                0x000007da       0x34 stm32g4xx_hal_pwr_ex.c.o
 .ARM.attributes
                0x0000080e       0x34 stm32g4xx_hal_cortex.c.o
 .ARM.attributes
                0x00000842       0x34 stm32g4xx_ll_tim.c.o
 .ARM.attributes
                0x00000876       0x34 system_stm32g4xx.c.o
 .ARM.attributes
                0x000008aa       0x21 startup_stm32g474retx.s.o
 .ARM.attributes
                0x000008cb       0x34 stm_timer_ll.c.o
 .ARM.attributes